------------------------------------------------------------
TimeQuest Timing Analyzer Summary
------------------------------------------------------------

Type  : Slow 1100mV 85C Model Setup 'rfid_processor:rfid_p|RD1'
Slack : -5.496
TNS   : -71.771

Type  : Slow 1100mV 85C Model Setup 'rfid_processor:rfid_p|current_state.ACCESS_DENIED'
Slack : -5.112
TNS   : -30.608

Type  : Slow 1100mV 85C Model Setup 'uart_controller:uart_contr|uart_peripheral:periph|uart_clock_gen:ucg|uart_ck_int'
Slack : -3.778
TNS   : -51.875

Type  : Slow 1100mV 85C Model Setup 'clock'
Slack : -3.223
TNS   : -153.015

Type  : Slow 1100mV 85C Model Setup 'pwm:my_pwm|uart_clock_gen:pwm_clk_gen|uart_ck_int'
Slack : -2.220
TNS   : -35.481

Type  : Slow 1100mV 85C Model Setup 'rfid_processor:rfid_p|countern:cnt_index|count[0]'
Slack : -2.143
TNS   : -50.462

Type  : Slow 1100mV 85C Model Setup 'pwm:my_pwm|uart_clock_gen:pwm_clk_gen|counter16:c16|tc'
Slack : -1.265
TNS   : -1.265

Type  : Slow 1100mV 85C Model Setup 'uart_controller:uart_contr|uart_peripheral:periph|uart_clock_gen:ucg|counter16:c16|tc'
Slack : -0.910
TNS   : -0.910

Type  : Slow 1100mV 85C Model Hold 'clock'
Slack : -3.688
TNS   : -67.643

Type  : Slow 1100mV 85C Model Hold 'rfid_processor:rfid_p|countern:cnt_index|count[0]'
Slack : -0.978
TNS   : -2.336

Type  : Slow 1100mV 85C Model Hold 'pwm:my_pwm|uart_clock_gen:pwm_clk_gen|uart_ck_int'
Slack : -0.450
TNS   : -7.176

Type  : Slow 1100mV 85C Model Hold 'uart_controller:uart_contr|uart_peripheral:periph|uart_clock_gen:ucg|counter16:c16|tc'
Slack : -0.001
TNS   : -0.001

Type  : Slow 1100mV 85C Model Hold 'pwm:my_pwm|uart_clock_gen:pwm_clk_gen|counter16:c16|tc'
Slack : 0.152
TNS   : 0.000

Type  : Slow 1100mV 85C Model Hold 'uart_controller:uart_contr|uart_peripheral:periph|uart_clock_gen:ucg|uart_ck_int'
Slack : 0.528
TNS   : 0.000

Type  : Slow 1100mV 85C Model Hold 'rfid_processor:rfid_p|current_state.ACCESS_DENIED'
Slack : 0.799
TNS   : 0.000

Type  : Slow 1100mV 85C Model Hold 'rfid_processor:rfid_p|RD1'
Slack : 0.956
TNS   : 0.000

Type  : Slow 1100mV 85C Model Recovery 'uart_controller:uart_contr|uart_peripheral:periph|uart_clock_gen:ucg|uart_ck_int'
Slack : -4.557
TNS   : -58.846

Type  : Slow 1100mV 85C Model Recovery 'uart_controller:uart_contr|uart_peripheral:periph|uart_clock_gen:ucg|counter16:c16|tc'
Slack : -3.811
TNS   : -3.811

Type  : Slow 1100mV 85C Model Recovery 'clock'
Slack : -1.876
TNS   : -38.749

Type  : Slow 1100mV 85C Model Removal 'clock'
Slack : -0.593
TNS   : -1.182

Type  : Slow 1100mV 85C Model Removal 'uart_controller:uart_contr|uart_peripheral:periph|uart_clock_gen:ucg|counter16:c16|tc'
Slack : 2.969
TNS   : 0.000

Type  : Slow 1100mV 85C Model Removal 'uart_controller:uart_contr|uart_peripheral:periph|uart_clock_gen:ucg|uart_ck_int'
Slack : 3.064
TNS   : 0.000

Type  : Slow 1100mV 85C Model Minimum Pulse Width 'clock'
Slack : -0.421
TNS   : -44.989

Type  : Slow 1100mV 85C Model Minimum Pulse Width 'pwm:my_pwm|uart_clock_gen:pwm_clk_gen|uart_ck_int'
Slack : -0.394
TNS   : -8.528

Type  : Slow 1100mV 85C Model Minimum Pulse Width 'uart_controller:uart_contr|uart_peripheral:periph|uart_clock_gen:ucg|uart_ck_int'
Slack : -0.394
TNS   : -8.028

Type  : Slow 1100mV 85C Model Minimum Pulse Width 'pwm:my_pwm|uart_clock_gen:pwm_clk_gen|counter16:c16|tc'
Slack : -0.394
TNS   : -0.659

Type  : Slow 1100mV 85C Model Minimum Pulse Width 'uart_controller:uart_contr|uart_peripheral:periph|uart_clock_gen:ucg|counter16:c16|tc'
Slack : -0.394
TNS   : -0.510

Type  : Slow 1100mV 85C Model Minimum Pulse Width 'rfid_processor:rfid_p|current_state.ACCESS_DENIED'
Slack : 0.091
TNS   : 0.000

Type  : Slow 1100mV 85C Model Minimum Pulse Width 'rfid_processor:rfid_p|countern:cnt_index|count[0]'
Slack : 0.155
TNS   : 0.000

Type  : Slow 1100mV 85C Model Minimum Pulse Width 'rfid_processor:rfid_p|RD1'
Slack : 0.218
TNS   : 0.000

Type  : Slow 1100mV 0C Model Setup 'rfid_processor:rfid_p|RD1'
Slack : -5.581
TNS   : -72.957

Type  : Slow 1100mV 0C Model Setup 'rfid_processor:rfid_p|current_state.ACCESS_DENIED'
Slack : -5.193
TNS   : -31.274

Type  : Slow 1100mV 0C Model Setup 'uart_controller:uart_contr|uart_peripheral:periph|uart_clock_gen:ucg|uart_ck_int'
Slack : -3.855
TNS   : -52.130

Type  : Slow 1100mV 0C Model Setup 'clock'
Slack : -3.148
TNS   : -148.838

Type  : Slow 1100mV 0C Model Setup 'pwm:my_pwm|uart_clock_gen:pwm_clk_gen|uart_ck_int'
Slack : -2.153
TNS   : -34.416

Type  : Slow 1100mV 0C Model Setup 'rfid_processor:rfid_p|countern:cnt_index|count[0]'
Slack : -2.024
TNS   : -48.266

Type  : Slow 1100mV 0C Model Setup 'pwm:my_pwm|uart_clock_gen:pwm_clk_gen|counter16:c16|tc'
Slack : -1.271
TNS   : -1.271

Type  : Slow 1100mV 0C Model Setup 'uart_controller:uart_contr|uart_peripheral:periph|uart_clock_gen:ucg|counter16:c16|tc'
Slack : -0.939
TNS   : -0.939

Type  : Slow 1100mV 0C Model Hold 'clock'
Slack : -3.749
TNS   : -72.034

Type  : Slow 1100mV 0C Model Hold 'rfid_processor:rfid_p|countern:cnt_index|count[0]'
Slack : -1.072
TNS   : -2.588

Type  : Slow 1100mV 0C Model Hold 'pwm:my_pwm|uart_clock_gen:pwm_clk_gen|uart_ck_int'
Slack : -0.446
TNS   : -7.112

Type  : Slow 1100mV 0C Model Hold 'uart_controller:uart_contr|uart_peripheral:periph|uart_clock_gen:ucg|counter16:c16|tc'
Slack : 0.050
TNS   : 0.000

Type  : Slow 1100mV 0C Model Hold 'pwm:my_pwm|uart_clock_gen:pwm_clk_gen|counter16:c16|tc'
Slack : 0.203
TNS   : 0.000

Type  : Slow 1100mV 0C Model Hold 'uart_controller:uart_contr|uart_peripheral:periph|uart_clock_gen:ucg|uart_ck_int'
Slack : 0.504
TNS   : 0.000

Type  : Slow 1100mV 0C Model Hold 'rfid_processor:rfid_p|current_state.ACCESS_DENIED'
Slack : 0.821
TNS   : 0.000

Type  : Slow 1100mV 0C Model Hold 'rfid_processor:rfid_p|RD1'
Slack : 0.907
TNS   : 0.000

Type  : Slow 1100mV 0C Model Recovery 'uart_controller:uart_contr|uart_peripheral:periph|uart_clock_gen:ucg|uart_ck_int'
Slack : -4.642
TNS   : -59.595

Type  : Slow 1100mV 0C Model Recovery 'uart_controller:uart_contr|uart_peripheral:periph|uart_clock_gen:ucg|counter16:c16|tc'
Slack : -3.923
TNS   : -3.923

Type  : Slow 1100mV 0C Model Recovery 'clock'
Slack : -2.031
TNS   : -37.457

Type  : Slow 1100mV 0C Model Removal 'clock'
Slack : -0.760
TNS   : -1.516

Type  : Slow 1100mV 0C Model Removal 'uart_controller:uart_contr|uart_peripheral:periph|uart_clock_gen:ucg|counter16:c16|tc'
Slack : 3.050
TNS   : 0.000

Type  : Slow 1100mV 0C Model Removal 'uart_controller:uart_contr|uart_peripheral:periph|uart_clock_gen:ucg|uart_ck_int'
Slack : 3.142
TNS   : 0.000

Type  : Slow 1100mV 0C Model Minimum Pulse Width 'clock'
Slack : -0.437
TNS   : -48.515

Type  : Slow 1100mV 0C Model Minimum Pulse Width 'pwm:my_pwm|uart_clock_gen:pwm_clk_gen|uart_ck_int'
Slack : -0.394
TNS   : -8.432

Type  : Slow 1100mV 0C Model Minimum Pulse Width 'uart_controller:uart_contr|uart_peripheral:periph|uart_clock_gen:ucg|uart_ck_int'
Slack : -0.394
TNS   : -7.765

Type  : Slow 1100mV 0C Model Minimum Pulse Width 'pwm:my_pwm|uart_clock_gen:pwm_clk_gen|counter16:c16|tc'
Slack : -0.394
TNS   : -0.653

Type  : Slow 1100mV 0C Model Minimum Pulse Width 'uart_controller:uart_contr|uart_peripheral:periph|uart_clock_gen:ucg|counter16:c16|tc'
Slack : -0.394
TNS   : -0.513

Type  : Slow 1100mV 0C Model Minimum Pulse Width 'rfid_processor:rfid_p|current_state.ACCESS_DENIED'
Slack : 0.092
TNS   : 0.000

Type  : Slow 1100mV 0C Model Minimum Pulse Width 'rfid_processor:rfid_p|countern:cnt_index|count[0]'
Slack : 0.175
TNS   : 0.000

Type  : Slow 1100mV 0C Model Minimum Pulse Width 'rfid_processor:rfid_p|RD1'
Slack : 0.238
TNS   : 0.000

Type  : Fast 1100mV 85C Model Setup 'rfid_processor:rfid_p|RD1'
Slack : -2.889
TNS   : -36.168

Type  : Fast 1100mV 85C Model Setup 'rfid_processor:rfid_p|current_state.ACCESS_DENIED'
Slack : -2.566
TNS   : -14.511

Type  : Fast 1100mV 85C Model Setup 'clock'
Slack : -2.141
TNS   : -63.388

Type  : Fast 1100mV 85C Model Setup 'uart_controller:uart_contr|uart_peripheral:periph|uart_clock_gen:ucg|uart_ck_int'
Slack : -1.901
TNS   : -25.463

Type  : Fast 1100mV 85C Model Setup 'rfid_processor:rfid_p|countern:cnt_index|count[0]'
Slack : -1.002
TNS   : -20.450

Type  : Fast 1100mV 85C Model Setup 'pwm:my_pwm|uart_clock_gen:pwm_clk_gen|uart_ck_int'
Slack : -0.964
TNS   : -15.408

Type  : Fast 1100mV 85C Model Setup 'pwm:my_pwm|uart_clock_gen:pwm_clk_gen|counter16:c16|tc'
Slack : -0.825
TNS   : -0.825

Type  : Fast 1100mV 85C Model Setup 'uart_controller:uart_contr|uart_peripheral:periph|uart_clock_gen:ucg|counter16:c16|tc'
Slack : -0.560
TNS   : -0.560

Type  : Fast 1100mV 85C Model Hold 'clock'
Slack : -2.120
TNS   : -38.958

Type  : Fast 1100mV 85C Model Hold 'rfid_processor:rfid_p|countern:cnt_index|count[0]'
Slack : -0.629
TNS   : -1.619

Type  : Fast 1100mV 85C Model Hold 'pwm:my_pwm|uart_clock_gen:pwm_clk_gen|uart_ck_int'
Slack : -0.400
TNS   : -6.384

Type  : Fast 1100mV 85C Model Hold 'uart_controller:uart_contr|uart_peripheral:periph|uart_clock_gen:ucg|counter16:c16|tc'
Slack : -0.102
TNS   : -0.102

Type  : Fast 1100mV 85C Model Hold 'pwm:my_pwm|uart_clock_gen:pwm_clk_gen|counter16:c16|tc'
Slack : 0.029
TNS   : 0.000

Type  : Fast 1100mV 85C Model Hold 'rfid_processor:rfid_p|current_state.ACCESS_DENIED'
Slack : 0.251
TNS   : 0.000

Type  : Fast 1100mV 85C Model Hold 'uart_controller:uart_contr|uart_peripheral:periph|uart_clock_gen:ucg|uart_ck_int'
Slack : 0.264
TNS   : 0.000

Type  : Fast 1100mV 85C Model Hold 'rfid_processor:rfid_p|RD1'
Slack : 0.511
TNS   : 0.000

Type  : Fast 1100mV 85C Model Recovery 'uart_controller:uart_contr|uart_peripheral:periph|uart_clock_gen:ucg|uart_ck_int'
Slack : -2.345
TNS   : -29.731

Type  : Fast 1100mV 85C Model Recovery 'uart_controller:uart_contr|uart_peripheral:periph|uart_clock_gen:ucg|counter16:c16|tc'
Slack : -1.818
TNS   : -1.818

Type  : Fast 1100mV 85C Model Recovery 'clock'
Slack : -0.833
TNS   : -16.187

Type  : Fast 1100mV 85C Model Removal 'clock'
Slack : -0.021
TNS   : -0.041

Type  : Fast 1100mV 85C Model Removal 'uart_controller:uart_contr|uart_peripheral:periph|uart_clock_gen:ucg|uart_ck_int'
Slack : 1.476
TNS   : 0.000

Type  : Fast 1100mV 85C Model Removal 'uart_controller:uart_contr|uart_peripheral:periph|uart_clock_gen:ucg|counter16:c16|tc'
Slack : 1.497
TNS   : 0.000

Type  : Fast 1100mV 85C Model Minimum Pulse Width 'clock'
Slack : -0.453
TNS   : -8.095

Type  : Fast 1100mV 85C Model Minimum Pulse Width 'pwm:my_pwm|uart_clock_gen:pwm_clk_gen|counter16:c16|tc'
Slack : -0.042
TNS   : -0.042

Type  : Fast 1100mV 85C Model Minimum Pulse Width 'uart_controller:uart_contr|uart_peripheral:periph|uart_clock_gen:ucg|uart_ck_int'
Slack : 0.003
TNS   : 0.000

Type  : Fast 1100mV 85C Model Minimum Pulse Width 'pwm:my_pwm|uart_clock_gen:pwm_clk_gen|uart_ck_int'
Slack : 0.090
TNS   : 0.000

Type  : Fast 1100mV 85C Model Minimum Pulse Width 'rfid_processor:rfid_p|current_state.ACCESS_DENIED'
Slack : 0.111
TNS   : 0.000

Type  : Fast 1100mV 85C Model Minimum Pulse Width 'uart_controller:uart_contr|uart_peripheral:periph|uart_clock_gen:ucg|counter16:c16|tc'
Slack : 0.147
TNS   : 0.000

Type  : Fast 1100mV 85C Model Minimum Pulse Width 'rfid_processor:rfid_p|countern:cnt_index|count[0]'
Slack : 0.199
TNS   : 0.000

Type  : Fast 1100mV 85C Model Minimum Pulse Width 'rfid_processor:rfid_p|RD1'
Slack : 0.286
TNS   : 0.000

Type  : Fast 1100mV 0C Model Setup 'rfid_processor:rfid_p|RD1'
Slack : -2.735
TNS   : -34.849

Type  : Fast 1100mV 0C Model Setup 'rfid_processor:rfid_p|current_state.ACCESS_DENIED'
Slack : -2.462
TNS   : -14.194

Type  : Fast 1100mV 0C Model Setup 'uart_controller:uart_contr|uart_peripheral:periph|uart_clock_gen:ucg|uart_ck_int'
Slack : -1.831
TNS   : -24.223

Type  : Fast 1100mV 0C Model Setup 'clock'
Slack : -1.614
TNS   : -51.895

Type  : Fast 1100mV 0C Model Setup 'rfid_processor:rfid_p|countern:cnt_index|count[0]'
Slack : -0.840
TNS   : -17.155

Type  : Fast 1100mV 0C Model Setup 'pwm:my_pwm|uart_clock_gen:pwm_clk_gen|uart_ck_int'
Slack : -0.815
TNS   : -13.017

Type  : Fast 1100mV 0C Model Setup 'pwm:my_pwm|uart_clock_gen:pwm_clk_gen|counter16:c16|tc'
Slack : -0.739
TNS   : -0.739

Type  : Fast 1100mV 0C Model Setup 'uart_controller:uart_contr|uart_peripheral:periph|uart_clock_gen:ucg|counter16:c16|tc'
Slack : -0.514
TNS   : -0.514

Type  : Fast 1100mV 0C Model Hold 'clock'
Slack : -2.081
TNS   : -40.270

Type  : Fast 1100mV 0C Model Hold 'rfid_processor:rfid_p|countern:cnt_index|count[0]'
Slack : -0.619
TNS   : -1.599

Type  : Fast 1100mV 0C Model Hold 'pwm:my_pwm|uart_clock_gen:pwm_clk_gen|uart_ck_int'
Slack : -0.382
TNS   : -6.104

Type  : Fast 1100mV 0C Model Hold 'uart_controller:uart_contr|uart_peripheral:periph|uart_clock_gen:ucg|counter16:c16|tc'
Slack : -0.112
TNS   : -0.112

Type  : Fast 1100mV 0C Model Hold 'pwm:my_pwm|uart_clock_gen:pwm_clk_gen|counter16:c16|tc'
Slack : -0.003
TNS   : -0.003

Type  : Fast 1100mV 0C Model Hold 'uart_controller:uart_contr|uart_peripheral:periph|uart_clock_gen:ucg|uart_ck_int'
Slack : 0.232
TNS   : 0.000

Type  : Fast 1100mV 0C Model Hold 'rfid_processor:rfid_p|current_state.ACCESS_DENIED'
Slack : 0.269
TNS   : 0.000

Type  : Fast 1100mV 0C Model Hold 'rfid_processor:rfid_p|RD1'
Slack : 0.470
TNS   : 0.000

Type  : Fast 1100mV 0C Model Recovery 'uart_controller:uart_contr|uart_peripheral:periph|uart_clock_gen:ucg|uart_ck_int'
Slack : -2.225
TNS   : -28.245

Type  : Fast 1100mV 0C Model Recovery 'uart_controller:uart_contr|uart_peripheral:periph|uart_clock_gen:ucg|counter16:c16|tc'
Slack : -1.766
TNS   : -1.766

Type  : Fast 1100mV 0C Model Recovery 'clock'
Slack : -0.768
TNS   : -12.550

Type  : Fast 1100mV 0C Model Removal 'clock'
Slack : -0.155
TNS   : -0.308

Type  : Fast 1100mV 0C Model Removal 'uart_controller:uart_contr|uart_peripheral:periph|uart_clock_gen:ucg|uart_ck_int'
Slack : 1.436
TNS   : 0.000

Type  : Fast 1100mV 0C Model Removal 'uart_controller:uart_contr|uart_peripheral:periph|uart_clock_gen:ucg|counter16:c16|tc'
Slack : 1.456
TNS   : 0.000

Type  : Fast 1100mV 0C Model Minimum Pulse Width 'clock'
Slack : -0.447
TNS   : -8.055

Type  : Fast 1100mV 0C Model Minimum Pulse Width 'pwm:my_pwm|uart_clock_gen:pwm_clk_gen|counter16:c16|tc'
Slack : 0.002
TNS   : 0.000

Type  : Fast 1100mV 0C Model Minimum Pulse Width 'uart_controller:uart_contr|uart_peripheral:periph|uart_clock_gen:ucg|uart_ck_int'
Slack : 0.042
TNS   : 0.000

Type  : Fast 1100mV 0C Model Minimum Pulse Width 'pwm:my_pwm|uart_clock_gen:pwm_clk_gen|uart_ck_int'
Slack : 0.105
TNS   : 0.000

Type  : Fast 1100mV 0C Model Minimum Pulse Width 'uart_controller:uart_contr|uart_peripheral:periph|uart_clock_gen:ucg|counter16:c16|tc'
Slack : 0.145
TNS   : 0.000

Type  : Fast 1100mV 0C Model Minimum Pulse Width 'rfid_processor:rfid_p|current_state.ACCESS_DENIED'
Slack : 0.183
TNS   : 0.000

Type  : Fast 1100mV 0C Model Minimum Pulse Width 'rfid_processor:rfid_p|countern:cnt_index|count[0]'
Slack : 0.253
TNS   : 0.000

Type  : Fast 1100mV 0C Model Minimum Pulse Width 'rfid_processor:rfid_p|RD1'
Slack : 0.324
TNS   : 0.000

------------------------------------------------------------
