Analysis & Synthesis report for rfid_auth
Sat Jul 01 12:55:29 2017
Quartus Prime Version 15.1.0 Build 185 10/21/2015 SJ Lite Edition


---------------------
; Table of Contents ;
---------------------
  1. Legal Notice
  2. Analysis & Synthesis Summary
  3. Analysis & Synthesis Settings
  4. Parallel Compilation
  5. Analysis & Synthesis Source Files Read
  6. Analysis & Synthesis Resource Usage Summary
  7. Analysis & Synthesis Resource Utilization by Entity
  8. State Machine - |rfid_auth|uart_controller:uart_contr|current_state
  9. State Machine - |rfid_auth|uart_controller:uart_contr|uart_peripheral:periph|uart_fsm:fsm|current_state
 10. State Machine - |rfid_auth|rfid_processor:rfid_p|current_state_check
 11. State Machine - |rfid_auth|rfid_processor:rfid_p|current_state
 12. User-Specified and Inferred Latches
 13. Registers Removed During Synthesis
 14. General Register Statistics
 15. Multiplexer Restructuring Statistics (Restructuring Performed)
 16. Parameter Settings for User Entity Instance: rfid_processor:rfid_p|register_file:rf
 17. Parameter Settings for User Entity Instance: rfid_processor:rfid_p|countern:cnt_index
 18. Parameter Settings for User Entity Instance: rfid_processor:rfid_p|countern:cnt_index_check
 19. Parameter Settings for User Entity Instance: uart_controller:uart_contr|uart_peripheral:periph|countern:c4
 20. Parameter Settings for User Entity Instance: pwm:my_pwm
 21. Parameter Settings for User Entity Instance: pwm:my_pwm|countern:count
 22. Parameter Settings for User Entity Instance: pwm:my_pwm|countern:count_dc
 23. Port Connectivity Checks: "pwm:my_pwm|countern:count_dc"
 24. Port Connectivity Checks: "pwm:my_pwm|uart_clock_gen:pwm_clk_gen"
 25. Port Connectivity Checks: "pwm:my_pwm|countern:count"
 26. Port Connectivity Checks: "pwm:my_pwm"
 27. Port Connectivity Checks: "uart_controller:uart_contr|uart_peripheral:periph|countern:c4"
 28. Port Connectivity Checks: "uart_controller:uart_contr"
 29. Port Connectivity Checks: "rfid_processor:rfid_p|countern:cnt_index_check"
 30. Port Connectivity Checks: "rfid_processor:rfid_p|countern:cnt_index"
 31. Post-Synthesis Netlist Statistics for Top Partition
 32. Elapsed Time Per Partition
 33. Analysis & Synthesis Messages



----------------
; Legal Notice ;
----------------
Copyright (C) 1991-2015 Altera Corporation. All rights reserved.
Your use of Altera Corporation's design tools, logic functions 
and other software and tools, and its AMPP partner logic 
functions, and any output files from any of the foregoing 
(including device programming or simulation files), and any 
associated documentation or information are expressly subject 
to the terms and conditions of the Altera Program License 
Subscription Agreement, the Altera Quartus Prime License Agreement,
the Altera MegaCore Function License Agreement, or other 
applicable license agreement, including, without limitation, 
that your use is for the sole purpose of programming logic 
devices manufactured by Altera and sold by Altera or its 
authorized distributors.  Please refer to the applicable 
agreement for further details.



+-------------------------------------------------------------------------------+
; Analysis & Synthesis Summary                                                  ;
+---------------------------------+---------------------------------------------+
; Analysis & Synthesis Status     ; Successful - Sat Jul 01 12:55:29 2017       ;
; Quartus Prime Version           ; 15.1.0 Build 185 10/21/2015 SJ Lite Edition ;
; Revision Name                   ; rfid_auth                                   ;
; Top-level Entity Name           ; rfid_auth                                   ;
; Family                          ; Cyclone V                                   ;
; Logic utilization (in ALMs)     ; N/A                                         ;
; Total registers                 ; 102                                         ;
; Total pins                      ; 16                                          ;
; Total virtual pins              ; 0                                           ;
; Total block memory bits         ; 0                                           ;
; Total DSP Blocks                ; 0                                           ;
; Total HSSI RX PCSs              ; 0                                           ;
; Total HSSI PMA RX Deserializers ; 0                                           ;
; Total HSSI TX PCSs              ; 0                                           ;
; Total HSSI PMA TX Serializers   ; 0                                           ;
; Total PLLs                      ; 0                                           ;
; Total DLLs                      ; 0                                           ;
+---------------------------------+---------------------------------------------+


+---------------------------------------------------------------------------------------------------------------------------+
; Analysis & Synthesis Settings                                                                                             ;
+---------------------------------------------------------------------------------+--------------------+--------------------+
; Option                                                                          ; Setting            ; Default Value      ;
+---------------------------------------------------------------------------------+--------------------+--------------------+
; Device                                                                          ; 5CSEMA5F31C6       ;                    ;
; Top-level entity name                                                           ; rfid_auth          ; rfid_auth          ;
; Family name                                                                     ; Cyclone V          ; Cyclone V          ;
; Use smart compilation                                                           ; Off                ; Off                ;
; Enable parallel Assembler and TimeQuest Timing Analyzer during compilation      ; On                 ; On                 ;
; Enable compact report table                                                     ; Off                ; Off                ;
; Restructure Multiplexers                                                        ; Auto               ; Auto               ;
; MLAB Add Timing Constraints For Mixed-Port Feed-Through Mode Setting Don't Care ; Off                ; Off                ;
; Create Debugging Nodes for IP Cores                                             ; Off                ; Off                ;
; Preserve fewer node names                                                       ; On                 ; On                 ;
; Disable OpenCore Plus hardware evaluation                                       ; Off                ; Off                ;
; Verilog Version                                                                 ; Verilog_2001       ; Verilog_2001       ;
; VHDL Version                                                                    ; VHDL_1993          ; VHDL_1993          ;
; State Machine Processing                                                        ; Auto               ; Auto               ;
; Safe State Machine                                                              ; Off                ; Off                ;
; Extract Verilog State Machines                                                  ; On                 ; On                 ;
; Extract VHDL State Machines                                                     ; On                 ; On                 ;
; Ignore Verilog initial constructs                                               ; Off                ; Off                ;
; Iteration limit for constant Verilog loops                                      ; 5000               ; 5000               ;
; Iteration limit for non-constant Verilog loops                                  ; 250                ; 250                ;
; Add Pass-Through Logic to Inferred RAMs                                         ; On                 ; On                 ;
; Infer RAMs from Raw Logic                                                       ; On                 ; On                 ;
; Parallel Synthesis                                                              ; On                 ; On                 ;
; DSP Block Balancing                                                             ; Auto               ; Auto               ;
; NOT Gate Push-Back                                                              ; On                 ; On                 ;
; Power-Up Don't Care                                                             ; On                 ; On                 ;
; Remove Redundant Logic Cells                                                    ; Off                ; Off                ;
; Remove Duplicate Registers                                                      ; On                 ; On                 ;
; Ignore CARRY Buffers                                                            ; Off                ; Off                ;
; Ignore CASCADE Buffers                                                          ; Off                ; Off                ;
; Ignore GLOBAL Buffers                                                           ; Off                ; Off                ;
; Ignore ROW GLOBAL Buffers                                                       ; Off                ; Off                ;
; Ignore LCELL Buffers                                                            ; Off                ; Off                ;
; Ignore SOFT Buffers                                                             ; On                 ; On                 ;
; Limit AHDL Integers to 32 Bits                                                  ; Off                ; Off                ;
; Optimization Technique                                                          ; Balanced           ; Balanced           ;
; Carry Chain Length                                                              ; 70                 ; 70                 ;
; Auto Carry Chains                                                               ; On                 ; On                 ;
; Auto Open-Drain Pins                                                            ; On                 ; On                 ;
; Perform WYSIWYG Primitive Resynthesis                                           ; Off                ; Off                ;
; Auto ROM Replacement                                                            ; On                 ; On                 ;
; Auto RAM Replacement                                                            ; On                 ; On                 ;
; Auto DSP Block Replacement                                                      ; On                 ; On                 ;
; Auto Shift Register Replacement                                                 ; Auto               ; Auto               ;
; Allow Shift Register Merging across Hierarchies                                 ; Auto               ; Auto               ;
; Auto Clock Enable Replacement                                                   ; On                 ; On                 ;
; Strict RAM Replacement                                                          ; Off                ; Off                ;
; Allow Synchronous Control Signals                                               ; On                 ; On                 ;
; Force Use of Synchronous Clear Signals                                          ; Off                ; Off                ;
; Auto Resource Sharing                                                           ; Off                ; Off                ;
; Allow Any RAM Size For Recognition                                              ; Off                ; Off                ;
; Allow Any ROM Size For Recognition                                              ; Off                ; Off                ;
; Allow Any Shift Register Size For Recognition                                   ; Off                ; Off                ;
; Use LogicLock Constraints during Resource Balancing                             ; On                 ; On                 ;
; Ignore translate_off and synthesis_off directives                               ; Off                ; Off                ;
; Timing-Driven Synthesis                                                         ; On                 ; On                 ;
; Report Parameter Settings                                                       ; On                 ; On                 ;
; Report Source Assignments                                                       ; On                 ; On                 ;
; Report Connectivity Checks                                                      ; On                 ; On                 ;
; Ignore Maximum Fan-Out Assignments                                              ; Off                ; Off                ;
; Synchronization Register Chain Length                                           ; 3                  ; 3                  ;
; PowerPlay Power Optimization During Synthesis                                   ; Normal compilation ; Normal compilation ;
; HDL message level                                                               ; Level2             ; Level2             ;
; Suppress Register Optimization Related Messages                                 ; Off                ; Off                ;
; Number of Removed Registers Reported in Synthesis Report                        ; 5000               ; 5000               ;
; Number of Swept Nodes Reported in Synthesis Report                              ; 5000               ; 5000               ;
; Number of Inverted Registers Reported in Synthesis Report                       ; 100                ; 100                ;
; Clock MUX Protection                                                            ; On                 ; On                 ;
; Auto Gated Clock Conversion                                                     ; Off                ; Off                ;
; Block Design Naming                                                             ; Auto               ; Auto               ;
; SDC constraint protection                                                       ; Off                ; Off                ;
; Synthesis Effort                                                                ; Auto               ; Auto               ;
; Shift Register Replacement - Allow Asynchronous Clear Signal                    ; On                 ; On                 ;
; Pre-Mapping Resynthesis Optimization                                            ; Off                ; Off                ;
; Analysis & Synthesis Message Level                                              ; Medium             ; Medium             ;
; Disable Register Merging Across Hierarchies                                     ; Auto               ; Auto               ;
; Resource Aware Inference For Block RAM                                          ; On                 ; On                 ;
; Synthesis Seed                                                                  ; 1                  ; 1                  ;
; Automatic Parallel Synthesis                                                    ; On                 ; On                 ;
; Partial Reconfiguration Bitstream ID                                            ; Off                ; Off                ;
+---------------------------------------------------------------------------------+--------------------+--------------------+


Parallel compilation was disabled, but you have multiple processors available. Enable parallel compilation to reduce compilation time.
+-------------------------------------+
; Parallel Compilation                ;
+----------------------------+--------+
; Processors                 ; Number ;
+----------------------------+--------+
; Number detected on machine ; 2      ;
; Maximum allowed            ; 1      ;
+----------------------------+--------+


+--------------------------------------------------------------------------------------------------------------------------------+
; Analysis & Synthesis Source Files Read                                                                                         ;
+----------------------------------+-----------------+-----------------+-----------------------------------------------+---------+
; File Name with User-Entered Path ; Used in Netlist ; File Type       ; File Name with Absolute Path                  ; Library ;
+----------------------------------+-----------------+-----------------+-----------------------------------------------+---------+
; uart_peripheral.vhd              ; yes             ; User VHDL File  ; C:/Users/ed/rfid_auth/src/uart_peripheral.vhd ;         ;
; uart_fsm.vhd                     ; yes             ; User VHDL File  ; C:/Users/ed/rfid_auth/src/uart_fsm.vhd        ;         ;
; uart_controller.vhd              ; yes             ; User VHDL File  ; C:/Users/ed/rfid_auth/src/uart_controller.vhd ;         ;
; uart_clock_gen.vhd               ; yes             ; User VHDL File  ; C:/Users/ed/rfid_auth/src/uart_clock_gen.vhd  ;         ;
; tag_mem.vhd                      ; yes             ; User VHDL File  ; C:/Users/ed/rfid_auth/src/tag_mem.vhd         ;         ;
; shift_reg12.vhd                  ; yes             ; User VHDL File  ; C:/Users/ed/rfid_auth/src/shift_reg12.vhd     ;         ;
; rfid_processor.vhd               ; yes             ; User VHDL File  ; C:/Users/ed/rfid_auth/src/rfid_processor.vhd  ;         ;
; rfid_auth.vhd                    ; yes             ; User VHDL File  ; C:/Users/ed/rfid_auth/src/rfid_auth.vhd       ;         ;
; registerfile.vhd                 ; yes             ; User VHDL File  ; C:/Users/ed/rfid_auth/src/registerfile.vhd    ;         ;
; pwm.vhd                          ; yes             ; User VHDL File  ; C:/Users/ed/rfid_auth/src/pwm.vhd             ;         ;
; countern.vhd                     ; yes             ; User VHDL File  ; C:/Users/ed/rfid_auth/src/countern.vhd        ;         ;
; counter16.vhd                    ; yes             ; User VHDL File  ; C:/Users/ed/rfid_auth/src/counter16.vhd       ;         ;
+----------------------------------+-----------------+-----------------+-----------------------------------------------+---------+


+-------------------------------------------------------------+
; Analysis & Synthesis Resource Usage Summary                 ;
+---------------------------------------------+---------------+
; Resource                                    ; Usage         ;
+---------------------------------------------+---------------+
; Estimate of Logic utilization (ALMs needed) ; 119           ;
;                                             ;               ;
; Combinational ALUT usage for logic          ; 206           ;
;     -- 7 input functions                    ; 8             ;
;     -- 6 input functions                    ; 21            ;
;     -- 5 input functions                    ; 17            ;
;     -- 4 input functions                    ; 55            ;
;     -- <=3 input functions                  ; 105           ;
;                                             ;               ;
; Dedicated logic registers                   ; 102           ;
;                                             ;               ;
; I/O pins                                    ; 16            ;
;                                             ;               ;
; Total DSP Blocks                            ; 0             ;
;                                             ;               ;
; Maximum fan-out node                        ; reset_n~input ;
; Maximum fan-out                             ; 99            ;
; Total fan-out                               ; 1139          ;
; Average fan-out                             ; 3.35          ;
+---------------------------------------------+---------------+


+---------------------------------------------------------------------------------------------------------------------------------------------------------------------------------------------------------------------------------------------+
; Analysis & Synthesis Resource Utilization by Entity                                                                                                                                                                                         ;
+------------------------------------+-------------------+--------------+-------------------+------------+------+--------------+-----------------------------------------------------------------------------------------------+--------------+
; Compilation Hierarchy Node         ; LC Combinationals ; LC Registers ; Block Memory Bits ; DSP Blocks ; Pins ; Virtual Pins ; Full Hierarchy Name                                                                           ; Library Name ;
+------------------------------------+-------------------+--------------+-------------------+------------+------+--------------+-----------------------------------------------------------------------------------------------+--------------+
; |rfid_auth                         ; 206 (0)           ; 102 (0)      ; 0                 ; 0          ; 16   ; 0            ; |rfid_auth                                                                                    ; work         ;
;    |pwm:my_pwm|                    ; 76 (15)           ; 50 (0)       ; 0                 ; 0          ; 0    ; 0            ; |rfid_auth|pwm:my_pwm                                                                         ; work         ;
;       |countern:count_dc|          ; 20 (20)           ; 16 (16)      ; 0                 ; 0          ; 0    ; 0            ; |rfid_auth|pwm:my_pwm|countern:count_dc                                                       ; work         ;
;       |countern:count|             ; 20 (20)           ; 16 (16)      ; 0                 ; 0          ; 0    ; 0            ; |rfid_auth|pwm:my_pwm|countern:count                                                          ; work         ;
;       |uart_clock_gen:pwm_clk_gen| ; 21 (1)            ; 18 (1)       ; 0                 ; 0          ; 0    ; 0            ; |rfid_auth|pwm:my_pwm|uart_clock_gen:pwm_clk_gen                                              ; work         ;
;          |counter16:c16|           ; 20 (20)           ; 17 (17)      ; 0                 ; 0          ; 0    ; 0            ; |rfid_auth|pwm:my_pwm|uart_clock_gen:pwm_clk_gen|counter16:c16                                ; work         ;
;    |rfid_processor:rfid_p|         ; 87 (24)           ; 16 (12)      ; 0                 ; 0          ; 0    ; 0            ; |rfid_auth|rfid_processor:rfid_p                                                              ; work         ;
;       |countern:cnt_index_check|   ; 1 (1)             ; 2 (2)        ; 0                 ; 0          ; 0    ; 0            ; |rfid_auth|rfid_processor:rfid_p|countern:cnt_index_check                                     ; work         ;
;       |countern:cnt_index|         ; 1 (1)             ; 2 (2)        ; 0                 ; 0          ; 0    ; 0            ; |rfid_auth|rfid_processor:rfid_p|countern:cnt_index                                           ; work         ;
;       |register_file:rf|           ; 61 (61)           ; 0 (0)        ; 0                 ; 0          ; 0    ; 0            ; |rfid_auth|rfid_processor:rfid_p|register_file:rf                                             ; work         ;
;    |tag_mem:memory_tag|            ; 10 (10)           ; 0 (0)        ; 0                 ; 0          ; 0    ; 0            ; |rfid_auth|tag_mem:memory_tag                                                                 ; work         ;
;    |uart_controller:uart_contr|    ; 33 (0)            ; 36 (0)       ; 0                 ; 0          ; 0    ; 0            ; |rfid_auth|uart_controller:uart_contr                                                         ; work         ;
;       |uart_peripheral:periph|     ; 33 (0)            ; 36 (0)       ; 0                 ; 0          ; 0    ; 0            ; |rfid_auth|uart_controller:uart_contr|uart_peripheral:periph                                  ; work         ;
;          |countern:c4|             ; 5 (5)             ; 4 (4)        ; 0                 ; 0          ; 0    ; 0            ; |rfid_auth|uart_controller:uart_contr|uart_peripheral:periph|countern:c4                      ; work         ;
;          |shift_reg12:s12|         ; 1 (1)             ; 10 (10)      ; 0                 ; 0          ; 0    ; 0            ; |rfid_auth|uart_controller:uart_contr|uart_peripheral:periph|shift_reg12:s12                  ; work         ;
;          |uart_clock_gen:ucg|      ; 22 (2)            ; 18 (1)       ; 0                 ; 0          ; 0    ; 0            ; |rfid_auth|uart_controller:uart_contr|uart_peripheral:periph|uart_clock_gen:ucg               ; work         ;
;             |counter16:c16|        ; 20 (20)           ; 17 (17)      ; 0                 ; 0          ; 0    ; 0            ; |rfid_auth|uart_controller:uart_contr|uart_peripheral:periph|uart_clock_gen:ucg|counter16:c16 ; work         ;
;          |uart_fsm:fsm|            ; 5 (5)             ; 4 (4)        ; 0                 ; 0          ; 0    ; 0            ; |rfid_auth|uart_controller:uart_contr|uart_peripheral:periph|uart_fsm:fsm                     ; work         ;
+------------------------------------+-------------------+--------------+-------------------+------------+------+--------------+-----------------------------------------------------------------------------------------------+--------------+
Note: For table entries with two numbers listed, the numbers in parentheses indicate the number of resources of the given type used by the specific entity alone. The numbers listed outside of parentheses indicate the total resources of the given type used by the specific entity and all of its sub-entities in the hierarchy.


Encoding Type:  One-Hot
+-------------------------------------------------------------------------------------------+
; State Machine - |rfid_auth|uart_controller:uart_contr|current_state                       ;
+------------------------+------------------------+--------------------+--------------------+
; Name                   ; current_state.READ_TAG ; current_state.DONE ; current_state.IDLE ;
+------------------------+------------------------+--------------------+--------------------+
; current_state.IDLE     ; 0                      ; 0                  ; 0                  ;
; current_state.DONE     ; 0                      ; 1                  ; 1                  ;
; current_state.READ_TAG ; 1                      ; 0                  ; 1                  ;
+------------------------+------------------------+--------------------+--------------------+


Encoding Type:  One-Hot
+------------------------------------------------------------------------------------------------------------------------------------+
; State Machine - |rfid_auth|uart_controller:uart_contr|uart_peripheral:periph|uart_fsm:fsm|current_state                            ;
+---------------------------+------------------------+-------------------------+---------------------------+-------------------------+
; Name                      ; current_state.AFTER_TX ; current_state.UART_DATA ; current_state.CLEAR_CLOCK ; current_state.UART_IDLE ;
+---------------------------+------------------------+-------------------------+---------------------------+-------------------------+
; current_state.UART_IDLE   ; 0                      ; 0                       ; 0                         ; 0                       ;
; current_state.CLEAR_CLOCK ; 0                      ; 0                       ; 1                         ; 1                       ;
; current_state.UART_DATA   ; 0                      ; 1                       ; 0                         ; 1                       ;
; current_state.AFTER_TX    ; 1                      ; 0                       ; 0                         ; 1                       ;
+---------------------------+------------------------+-------------------------+---------------------------+-------------------------+


Encoding Type:  One-Hot
+---------------------------------------------------------------------------------------------------------------------------------------------------------------------------------------------------------------------------------------------------------------------------------------------------------------------------------------------------------------------------------------------------------------------------------------------------------------------------------------------------+
; State Machine - |rfid_auth|rfid_processor:rfid_p|current_state_check                                                                                                                                                                                                                                                                                                                                                                                                                              ;
+--------------------------------------+-------------------------------+-------------------------------------+--------------------------------------+-------------------------------------+------------------------------------+-------------------------------+-----------------------------------+------------------------------------+-------------------------------+------------------------------------+---------------------------+--------------------------+-------------------------------+
; Name                                 ; current_state_check.LED_DEBUG ; current_state_check.DONE_CHECK_DENY ; current_state_check.DONE_CHECK_GRANT ; current_state_check.DONE_STORE_FOUR ; current_state_check.DONE_CHECK_ONE ; current_state_check.CHECK_ONE ; current_state_check.ACCESS_DENIED ; current_state_check.ACCESS_GRANTED ; current_state_check.CHECK_TAG ; current_state_check.DONE_STORE_ONE ; current_state_check.STORE ; current_state_check.IDLE ; current_state_check.RESETTING ;
+--------------------------------------+-------------------------------+-------------------------------------+--------------------------------------+-------------------------------------+------------------------------------+-------------------------------+-----------------------------------+------------------------------------+-------------------------------+------------------------------------+---------------------------+--------------------------+-------------------------------+
; current_state_check.RESETTING        ; 0                             ; 0                                   ; 0                                    ; 0                                   ; 0                                  ; 0                             ; 0                                 ; 0                                  ; 0                             ; 0                                  ; 0                         ; 0                        ; 0                             ;
; current_state_check.IDLE             ; 0                             ; 0                                   ; 0                                    ; 0                                   ; 0                                  ; 0                             ; 0                                 ; 0                                  ; 0                             ; 0                                  ; 0                         ; 1                        ; 1                             ;
; current_state_check.STORE            ; 0                             ; 0                                   ; 0                                    ; 0                                   ; 0                                  ; 0                             ; 0                                 ; 0                                  ; 0                             ; 0                                  ; 1                         ; 0                        ; 1                             ;
; current_state_check.DONE_STORE_ONE   ; 0                             ; 0                                   ; 0                                    ; 0                                   ; 0                                  ; 0                             ; 0                                 ; 0                                  ; 0                             ; 1                                  ; 0                         ; 0                        ; 1                             ;
; current_state_check.CHECK_TAG        ; 0                             ; 0                                   ; 0                                    ; 0                                   ; 0                                  ; 0                             ; 0                                 ; 0                                  ; 1                             ; 0                                  ; 0                         ; 0                        ; 1                             ;
; current_state_check.ACCESS_GRANTED   ; 0                             ; 0                                   ; 0                                    ; 0                                   ; 0                                  ; 0                             ; 0                                 ; 1                                  ; 0                             ; 0                                  ; 0                         ; 0                        ; 1                             ;
; current_state_check.ACCESS_DENIED    ; 0                             ; 0                                   ; 0                                    ; 0                                   ; 0                                  ; 0                             ; 1                                 ; 0                                  ; 0                             ; 0                                  ; 0                         ; 0                        ; 1                             ;
; current_state_check.CHECK_ONE        ; 0                             ; 0                                   ; 0                                    ; 0                                   ; 0                                  ; 1                             ; 0                                 ; 0                                  ; 0                             ; 0                                  ; 0                         ; 0                        ; 1                             ;
; current_state_check.DONE_CHECK_ONE   ; 0                             ; 0                                   ; 0                                    ; 0                                   ; 1                                  ; 0                             ; 0                                 ; 0                                  ; 0                             ; 0                                  ; 0                         ; 0                        ; 1                             ;
; current_state_check.DONE_STORE_FOUR  ; 0                             ; 0                                   ; 0                                    ; 1                                   ; 0                                  ; 0                             ; 0                                 ; 0                                  ; 0                             ; 0                                  ; 0                         ; 0                        ; 1                             ;
; current_state_check.DONE_CHECK_GRANT ; 0                             ; 0                                   ; 1                                    ; 0                                   ; 0                                  ; 0                             ; 0                                 ; 0                                  ; 0                             ; 0                                  ; 0                         ; 0                        ; 1                             ;
; current_state_check.DONE_CHECK_DENY  ; 0                             ; 1                                   ; 0                                    ; 0                                   ; 0                                  ; 0                             ; 0                                 ; 0                                  ; 0                             ; 0                                  ; 0                         ; 0                        ; 1                             ;
; current_state_check.LED_DEBUG        ; 1                             ; 0                                   ; 0                                    ; 0                                   ; 0                                  ; 0                             ; 0                                 ; 0                                  ; 0                             ; 0                                  ; 0                         ; 0                        ; 1                             ;
+--------------------------------------+-------------------------------+-------------------------------------+--------------------------------------+-------------------------------------+------------------------------------+-------------------------------+-----------------------------------+------------------------------------+-------------------------------+------------------------------------+---------------------------+--------------------------+-------------------------------+


Encoding Type:  One-Hot
+---------------------------------------------------------------------------------------------------------------------------------------------------------------------------------------------------------------------------------------------------------------------------------------------------------------------------------------------------------------------------------------------------------------+
; State Machine - |rfid_auth|rfid_processor:rfid_p|current_state                                                                                                                                                                                                                                                                                                                                                ;
+--------------------------------+-------------------------+-------------------------------+--------------------------------+-------------------------------+------------------------------+-------------------------+-----------------------------+------------------------------+-------------------------+------------------------------+---------------------+--------------------+-------------------------+
; Name                           ; current_state.LED_DEBUG ; current_state.DONE_CHECK_DENY ; current_state.DONE_CHECK_GRANT ; current_state.DONE_STORE_FOUR ; current_state.DONE_CHECK_ONE ; current_state.CHECK_ONE ; current_state.ACCESS_DENIED ; current_state.ACCESS_GRANTED ; current_state.CHECK_TAG ; current_state.DONE_STORE_ONE ; current_state.STORE ; current_state.IDLE ; current_state.RESETTING ;
+--------------------------------+-------------------------+-------------------------------+--------------------------------+-------------------------------+------------------------------+-------------------------+-----------------------------+------------------------------+-------------------------+------------------------------+---------------------+--------------------+-------------------------+
; current_state.RESETTING        ; 0                       ; 0                             ; 0                              ; 0                             ; 0                            ; 0                       ; 0                           ; 0                            ; 0                       ; 0                            ; 0                   ; 0                  ; 0                       ;
; current_state.IDLE             ; 0                       ; 0                             ; 0                              ; 0                             ; 0                            ; 0                       ; 0                           ; 0                            ; 0                       ; 0                            ; 0                   ; 1                  ; 1                       ;
; current_state.STORE            ; 0                       ; 0                             ; 0                              ; 0                             ; 0                            ; 0                       ; 0                           ; 0                            ; 0                       ; 0                            ; 1                   ; 0                  ; 1                       ;
; current_state.DONE_STORE_ONE   ; 0                       ; 0                             ; 0                              ; 0                             ; 0                            ; 0                       ; 0                           ; 0                            ; 0                       ; 1                            ; 0                   ; 0                  ; 1                       ;
; current_state.CHECK_TAG        ; 0                       ; 0                             ; 0                              ; 0                             ; 0                            ; 0                       ; 0                           ; 0                            ; 1                       ; 0                            ; 0                   ; 0                  ; 1                       ;
; current_state.ACCESS_GRANTED   ; 0                       ; 0                             ; 0                              ; 0                             ; 0                            ; 0                       ; 0                           ; 1                            ; 0                       ; 0                            ; 0                   ; 0                  ; 1                       ;
; current_state.ACCESS_DENIED    ; 0                       ; 0                             ; 0                              ; 0                             ; 0                            ; 0                       ; 1                           ; 0                            ; 0                       ; 0                            ; 0                   ; 0                  ; 1                       ;
; current_state.CHECK_ONE        ; 0                       ; 0                             ; 0                              ; 0                             ; 0                            ; 1                       ; 0                           ; 0                            ; 0                       ; 0                            ; 0                   ; 0                  ; 1                       ;
; current_state.DONE_CHECK_ONE   ; 0                       ; 0                             ; 0                              ; 0                             ; 1                            ; 0                       ; 0                           ; 0                            ; 0                       ; 0                            ; 0                   ; 0                  ; 1                       ;
; current_state.DONE_STORE_FOUR  ; 0                       ; 0                             ; 0                              ; 1                             ; 0                            ; 0                       ; 0                           ; 0                            ; 0                       ; 0                            ; 0                   ; 0                  ; 1                       ;
; current_state.DONE_CHECK_GRANT ; 0                       ; 0                             ; 1                              ; 0                             ; 0                            ; 0                       ; 0                           ; 0                            ; 0                       ; 0                            ; 0                   ; 0                  ; 1                       ;
; current_state.DONE_CHECK_DENY  ; 0                       ; 1                             ; 0                              ; 0                             ; 0                            ; 0                       ; 0                           ; 0                            ; 0                       ; 0                            ; 0                   ; 0                  ; 1                       ;
; current_state.LED_DEBUG        ; 1                       ; 0                             ; 0                              ; 0                             ; 0                            ; 0                       ; 0                           ; 0                            ; 0                       ; 0                            ; 0                   ; 0                  ; 1                       ;
+--------------------------------+-------------------------+-------------------------------+--------------------------------+-------------------------------+------------------------------+-------------------------+-----------------------------+------------------------------+-------------------------+------------------------------+---------------------+--------------------+-------------------------+


+----------------------------------------------------------------------------------------------------------------------------------------+
; User-Specified and Inferred Latches                                                                                                    ;
+-------------------------------------------------------------+-------------------------------------------------+------------------------+
; Latch Name                                                  ; Latch Enable Signal                             ; Free of Timing Hazards ;
+-------------------------------------------------------------+-------------------------------------------------+------------------------+
; rfid_processor:rfid_p|register_file:rf|REGISTERS[3][0]      ; rfid_processor:rfid_p|register_file:rf|Decoder0 ; yes                    ;
; rfid_processor:rfid_p|register_file:rf|REGISTERS[2][0]      ; rfid_processor:rfid_p|register_file:rf|Decoder0 ; yes                    ;
; rfid_processor:rfid_p|register_file:rf|REGISTERS[0][0]      ; rfid_processor:rfid_p|register_file:rf|Decoder0 ; yes                    ;
; rfid_processor:rfid_p|register_file:rf|REGISTERS[1][0]      ; rfid_processor:rfid_p|register_file:rf|Decoder0 ; yes                    ;
; rfid_processor:rfid_p|register_file:rf|REGISTERS[3][1]      ; rfid_processor:rfid_p|register_file:rf|Decoder0 ; yes                    ;
; rfid_processor:rfid_p|register_file:rf|REGISTERS[2][1]      ; rfid_processor:rfid_p|register_file:rf|Decoder0 ; yes                    ;
; rfid_processor:rfid_p|register_file:rf|REGISTERS[0][1]      ; rfid_processor:rfid_p|register_file:rf|Decoder0 ; yes                    ;
; rfid_processor:rfid_p|register_file:rf|REGISTERS[1][1]      ; rfid_processor:rfid_p|register_file:rf|Decoder0 ; yes                    ;
; rfid_processor:rfid_p|register_file:rf|REGISTERS[3][2]      ; rfid_processor:rfid_p|register_file:rf|Decoder0 ; yes                    ;
; rfid_processor:rfid_p|register_file:rf|REGISTERS[2][2]      ; rfid_processor:rfid_p|register_file:rf|Decoder0 ; yes                    ;
; rfid_processor:rfid_p|register_file:rf|REGISTERS[0][2]      ; rfid_processor:rfid_p|register_file:rf|Decoder0 ; yes                    ;
; rfid_processor:rfid_p|register_file:rf|REGISTERS[1][2]      ; rfid_processor:rfid_p|register_file:rf|Decoder0 ; yes                    ;
; rfid_processor:rfid_p|register_file:rf|REGISTERS[3][3]      ; rfid_processor:rfid_p|register_file:rf|Decoder0 ; yes                    ;
; rfid_processor:rfid_p|register_file:rf|REGISTERS[2][3]      ; rfid_processor:rfid_p|register_file:rf|Decoder0 ; yes                    ;
; rfid_processor:rfid_p|register_file:rf|REGISTERS[0][3]      ; rfid_processor:rfid_p|register_file:rf|Decoder0 ; yes                    ;
; rfid_processor:rfid_p|register_file:rf|REGISTERS[1][3]      ; rfid_processor:rfid_p|register_file:rf|Decoder0 ; yes                    ;
; rfid_processor:rfid_p|register_file:rf|REGISTERS[3][4]      ; rfid_processor:rfid_p|register_file:rf|Decoder0 ; yes                    ;
; rfid_processor:rfid_p|register_file:rf|REGISTERS[2][4]      ; rfid_processor:rfid_p|register_file:rf|Decoder0 ; yes                    ;
; rfid_processor:rfid_p|register_file:rf|REGISTERS[0][4]      ; rfid_processor:rfid_p|register_file:rf|Decoder0 ; yes                    ;
; rfid_processor:rfid_p|register_file:rf|REGISTERS[1][4]      ; rfid_processor:rfid_p|register_file:rf|Decoder0 ; yes                    ;
; rfid_processor:rfid_p|register_file:rf|REGISTERS[3][5]      ; rfid_processor:rfid_p|register_file:rf|Decoder0 ; yes                    ;
; rfid_processor:rfid_p|register_file:rf|REGISTERS[2][5]      ; rfid_processor:rfid_p|register_file:rf|Decoder0 ; yes                    ;
; rfid_processor:rfid_p|register_file:rf|REGISTERS[0][5]      ; rfid_processor:rfid_p|register_file:rf|Decoder0 ; yes                    ;
; rfid_processor:rfid_p|register_file:rf|REGISTERS[1][5]      ; rfid_processor:rfid_p|register_file:rf|Decoder0 ; yes                    ;
; rfid_processor:rfid_p|register_file:rf|REGISTERS[3][6]      ; rfid_processor:rfid_p|register_file:rf|Decoder0 ; yes                    ;
; rfid_processor:rfid_p|register_file:rf|REGISTERS[2][6]      ; rfid_processor:rfid_p|register_file:rf|Decoder0 ; yes                    ;
; rfid_processor:rfid_p|register_file:rf|REGISTERS[0][6]      ; rfid_processor:rfid_p|register_file:rf|Decoder0 ; yes                    ;
; rfid_processor:rfid_p|register_file:rf|REGISTERS[1][6]      ; rfid_processor:rfid_p|register_file:rf|Decoder0 ; yes                    ;
; rfid_processor:rfid_p|register_file:rf|REGISTERS[3][7]      ; rfid_processor:rfid_p|register_file:rf|Decoder0 ; yes                    ;
; rfid_processor:rfid_p|register_file:rf|REGISTERS[2][7]      ; rfid_processor:rfid_p|register_file:rf|Decoder0 ; yes                    ;
; rfid_processor:rfid_p|register_file:rf|REGISTERS[0][7]      ; rfid_processor:rfid_p|register_file:rf|Decoder0 ; yes                    ;
; rfid_processor:rfid_p|register_file:rf|REGISTERS[1][7]      ; rfid_processor:rfid_p|register_file:rf|Decoder0 ; yes                    ;
; rfid_processor:rfid_p|check_ended                           ; rfid_processor:rfid_p|enable_check_proc         ; yes                    ;
; rfid_processor:rfid_p|register_file:rf|OUT1[0]              ; rfid_processor:rfid_p|RD1                       ; yes                    ;
; tag_mem:memory_tag|tag_mem_out[0]                           ; rfid_processor:rfid_p|RD1                       ; yes                    ;
; rfid_processor:rfid_p|register_file:rf|OUT1[1]              ; rfid_processor:rfid_p|RD1                       ; yes                    ;
; tag_mem:memory_tag|tag_mem_out[1]                           ; rfid_processor:rfid_p|RD1                       ; yes                    ;
; rfid_processor:rfid_p|register_file:rf|OUT1[2]              ; rfid_processor:rfid_p|RD1                       ; yes                    ;
; tag_mem:memory_tag|tag_mem_out[2]                           ; rfid_processor:rfid_p|RD1                       ; yes                    ;
; rfid_processor:rfid_p|register_file:rf|OUT1[3]              ; rfid_processor:rfid_p|RD1                       ; yes                    ;
; tag_mem:memory_tag|tag_mem_out[3]                           ; rfid_processor:rfid_p|RD1                       ; yes                    ;
; rfid_processor:rfid_p|register_file:rf|OUT1[4]              ; rfid_processor:rfid_p|RD1                       ; yes                    ;
; tag_mem:memory_tag|tag_mem_out[4]                           ; rfid_processor:rfid_p|RD1                       ; yes                    ;
; rfid_processor:rfid_p|register_file:rf|OUT1[5]              ; rfid_processor:rfid_p|RD1                       ; yes                    ;
; tag_mem:memory_tag|tag_mem_out[5]                           ; rfid_processor:rfid_p|RD1                       ; yes                    ;
; rfid_processor:rfid_p|register_file:rf|OUT1[6]              ; rfid_processor:rfid_p|RD1                       ; yes                    ;
; tag_mem:memory_tag|tag_mem_out[6]                           ; rfid_processor:rfid_p|RD1                       ; yes                    ;
; rfid_processor:rfid_p|register_file:rf|OUT1[7]              ; rfid_processor:rfid_p|RD1                       ; yes                    ;
; tag_mem:memory_tag|tag_mem_out[7]                           ; rfid_processor:rfid_p|RD1                       ; yes                    ;
; rfid_processor:rfid_p|RD1                                   ; rfid_processor:rfid_p|enable_check_proc         ; yes                    ;
; rfid_processor:rfid_p|next_state_check.DONE_CHECK_GRANT_404 ; rfid_processor:rfid_p|enable_check_proc         ; yes                    ;
; rfid_processor:rfid_p|next_state_check.DONE_CHECK_DENY_398  ; rfid_processor:rfid_p|enable_check_proc         ; yes                    ;
; rfid_processor:rfid_p|index_check_reset                     ; rfid_processor:rfid_p|enable_check_proc         ; yes                    ;
; rfid_processor:rfid_p|next_state_check.CHECK_ONE_416        ; rfid_processor:rfid_p|enable_check_proc         ; yes                    ;
; rfid_processor:rfid_p|next_state_check.RESETTING_440        ; rfid_processor:rfid_p|enable_check_proc         ; yes                    ;
; Number of user-specified and inferred latches = 55          ;                                                 ;                        ;
+-------------------------------------------------------------+-------------------------------------------------+------------------------+
Note: All latches listed above may not be present at the end of synthesis due to various synthesis optimizations.


+----------------------------------------------------------------------------------------------------+
; Registers Removed During Synthesis                                                                 ;
+-----------------------------------------------------------+----------------------------------------+
; Register name                                             ; Reason for Removal                     ;
+-----------------------------------------------------------+----------------------------------------+
; rfid_processor:rfid_p|current_state_check.IDLE            ; Lost fanout                            ;
; rfid_processor:rfid_p|current_state_check.STORE           ; Lost fanout                            ;
; rfid_processor:rfid_p|current_state_check.DONE_STORE_ONE  ; Lost fanout                            ;
; rfid_processor:rfid_p|current_state_check.CHECK_TAG       ; Lost fanout                            ;
; rfid_processor:rfid_p|current_state_check.ACCESS_GRANTED  ; Lost fanout                            ;
; rfid_processor:rfid_p|current_state_check.ACCESS_DENIED   ; Lost fanout                            ;
; rfid_processor:rfid_p|current_state_check.DONE_CHECK_ONE  ; Lost fanout                            ;
; rfid_processor:rfid_p|current_state_check.DONE_STORE_FOUR ; Lost fanout                            ;
; rfid_processor:rfid_p|current_state_check.LED_DEBUG       ; Lost fanout                            ;
; rfid_processor:rfid_p|current_state.CHECK_ONE             ; Stuck at GND due to stuck port data_in ;
; rfid_processor:rfid_p|current_state.DONE_CHECK_ONE        ; Stuck at GND due to stuck port data_in ;
; rfid_processor:rfid_p|current_state.DONE_CHECK_GRANT      ; Stuck at GND due to stuck port data_in ;
; rfid_processor:rfid_p|current_state.DONE_CHECK_DENY       ; Stuck at GND due to stuck port data_in ;
; uart_controller:uart_contr|current_state.IDLE             ; Lost fanout                            ;
; uart_controller:uart_contr|current_state.DONE             ; Lost fanout                            ;
; uart_controller:uart_contr|current_state.READ_TAG         ; Lost fanout                            ;
; rfid_processor:rfid_p|current_state.LED_DEBUG             ; Lost fanout                            ;
; Total Number of Removed Registers = 17                    ;                                        ;
+-----------------------------------------------------------+----------------------------------------+


+------------------------------------------------------+
; General Register Statistics                          ;
+----------------------------------------------+-------+
; Statistic                                    ; Value ;
+----------------------------------------------+-------+
; Total registers                              ; 102   ;
; Number of registers using Synchronous Clear  ; 64    ;
; Number of registers using Synchronous Load   ; 0     ;
; Number of registers using Asynchronous Clear ; 85    ;
; Number of registers using Asynchronous Load  ; 0     ;
; Number of registers using Clock Enable       ; 49    ;
; Number of registers using Preset             ; 0     ;
+----------------------------------------------+-------+


+-------------------------------------------------------------------------------------------------------------------------------------------------------------------------+
; Multiplexer Restructuring Statistics (Restructuring Performed)                                                                                                          ;
+--------------------+-----------+---------------+----------------------+------------------------+------------+-----------------------------------------------------------+
; Multiplexer Inputs ; Bus Width ; Baseline Area ; Area if Restructured ; Saving if Restructured ; Registered ; Example Multiplexer Output                                ;
+--------------------+-----------+---------------+----------------------+------------------------+------------+-----------------------------------------------------------+
; 4:1                ; 8 bits    ; 16 LEs        ; 16 LEs               ; 0 LEs                  ; No         ; |rfid_auth|rfid_processor:rfid_p|register_file:rf|Mux8    ;
; 5:1                ; 8 bits    ; 24 LEs        ; 24 LEs               ; 0 LEs                  ; No         ; |rfid_auth|rfid_processor:rfid_p|register_file:rf|OUT2[6] ;
+--------------------+-----------+---------------+----------------------+------------------------+------------+-----------------------------------------------------------+


+-------------------------------------------------------------------------------------+
; Parameter Settings for User Entity Instance: rfid_processor:rfid_p|register_file:rf ;
+----------------+-------+------------------------------------------------------------+
; Parameter Name ; Value ; Type                                                       ;
+----------------+-------+------------------------------------------------------------+
; n              ; 8     ; Signed Integer                                             ;
; n_reg          ; 2     ; Signed Integer                                             ;
+----------------+-------+------------------------------------------------------------+
Note: In order to hide this table in the UI and the text report file, please set the "Show Parameter Settings in Synthesis Report" option in "Analysis and Synthesis Settings -> More Settings" to "Off".


+---------------------------------------------------------------------------------------+
; Parameter Settings for User Entity Instance: rfid_processor:rfid_p|countern:cnt_index ;
+----------------+-------+--------------------------------------------------------------+
; Parameter Name ; Value ; Type                                                         ;
+----------------+-------+--------------------------------------------------------------+
; n              ; 2     ; Signed Integer                                               ;
+----------------+-------+--------------------------------------------------------------+
Note: In order to hide this table in the UI and the text report file, please set the "Show Parameter Settings in Synthesis Report" option in "Analysis and Synthesis Settings -> More Settings" to "Off".


+---------------------------------------------------------------------------------------------+
; Parameter Settings for User Entity Instance: rfid_processor:rfid_p|countern:cnt_index_check ;
+----------------+-------+--------------------------------------------------------------------+
; Parameter Name ; Value ; Type                                                               ;
+----------------+-------+--------------------------------------------------------------------+
; n              ; 2     ; Signed Integer                                                     ;
+----------------+-------+--------------------------------------------------------------------+
Note: In order to hide this table in the UI and the text report file, please set the "Show Parameter Settings in Synthesis Report" option in "Analysis and Synthesis Settings -> More Settings" to "Off".


+------------------------------------------------------------------------------------------------------------+
; Parameter Settings for User Entity Instance: uart_controller:uart_contr|uart_peripheral:periph|countern:c4 ;
+----------------+-------+-----------------------------------------------------------------------------------+
; Parameter Name ; Value ; Type                                                                              ;
+----------------+-------+-----------------------------------------------------------------------------------+
; n              ; 4     ; Signed Integer                                                                    ;
+----------------+-------+-----------------------------------------------------------------------------------+
Note: In order to hide this table in the UI and the text report file, please set the "Show Parameter Settings in Synthesis Report" option in "Analysis and Synthesis Settings -> More Settings" to "Off".


+---------------------------------------------------------+
; Parameter Settings for User Entity Instance: pwm:my_pwm ;
+----------------+-------+--------------------------------+
; Parameter Name ; Value ; Type                           ;
+----------------+-------+--------------------------------+
; n              ; 16    ; Signed Integer                 ;
+----------------+-------+--------------------------------+
Note: In order to hide this table in the UI and the text report file, please set the "Show Parameter Settings in Synthesis Report" option in "Analysis and Synthesis Settings -> More Settings" to "Off".


+------------------------------------------------------------------------+
; Parameter Settings for User Entity Instance: pwm:my_pwm|countern:count ;
+----------------+-------+-----------------------------------------------+
; Parameter Name ; Value ; Type                                          ;
+----------------+-------+-----------------------------------------------+
; n              ; 16    ; Signed Integer                                ;
+----------------+-------+-----------------------------------------------+
Note: In order to hide this table in the UI and the text report file, please set the "Show Parameter Settings in Synthesis Report" option in "Analysis and Synthesis Settings -> More Settings" to "Off".


+---------------------------------------------------------------------------+
; Parameter Settings for User Entity Instance: pwm:my_pwm|countern:count_dc ;
+----------------+-------+--------------------------------------------------+
; Parameter Name ; Value ; Type                                             ;
+----------------+-------+--------------------------------------------------+
; n              ; 16    ; Signed Integer                                   ;
+----------------+-------+--------------------------------------------------+
Note: In order to hide this table in the UI and the text report file, please set the "Show Parameter Settings in Synthesis Report" option in "Analysis and Synthesis Settings -> More Settings" to "Off".


+----------------------------------------------------------------------------------------------------------------+
; Port Connectivity Checks: "pwm:my_pwm|countern:count_dc"                                                       ;
+------+--------+----------+-------------------------------------------------------------------------------------+
; Port ; Type   ; Severity ; Details                                                                             ;
+------+--------+----------+-------------------------------------------------------------------------------------+
; tc   ; Output ; Info     ; Connected to dangling logic. Logic that only feeds a dangling port will be removed. ;
+------+--------+----------+-------------------------------------------------------------------------------------+


+-------------------------------------------------------------------+
; Port Connectivity Checks: "pwm:my_pwm|uart_clock_gen:pwm_clk_gen" ;
+----------------+-------+----------+-------------------------------+
; Port           ; Type  ; Severity ; Details                       ;
+----------------+-------+----------+-------------------------------+
; clear          ; Input ; Info     ; Stuck at VCC                  ;
; end_val[15..9] ; Input ; Info     ; Stuck at GND                  ;
; end_val[7..0]  ; Input ; Info     ; Stuck at GND                  ;
; end_val[8]     ; Input ; Info     ; Stuck at VCC                  ;
+----------------+-------+----------+-------------------------------+


+----------------------------------------------------------------------------------------------------------------+
; Port Connectivity Checks: "pwm:my_pwm|countern:count"                                                          ;
+------+--------+----------+-------------------------------------------------------------------------------------+
; Port ; Type   ; Severity ; Details                                                                             ;
+------+--------+----------+-------------------------------------------------------------------------------------+
; tc   ; Output ; Info     ; Connected to dangling logic. Logic that only feeds a dangling port will be removed. ;
+------+--------+----------+-------------------------------------------------------------------------------------+


+--------------------------------------------------+
; Port Connectivity Checks: "pwm:my_pwm"           ;
+----------------+-------+----------+--------------+
; Port           ; Type  ; Severity ; Details      ;
+----------------+-------+----------+--------------+
; end_val[15..5] ; Input ; Info     ; Stuck at GND ;
; end_val[3..0]  ; Input ; Info     ; Stuck at GND ;
; end_val[4]     ; Input ; Info     ; Stuck at VCC ;
+----------------+-------+----------+--------------+


+-------------------------------------------------------------------------------------------------------------------+
; Port Connectivity Checks: "uart_controller:uart_contr|uart_peripheral:periph|countern:c4"                         ;
+---------+--------+----------+-------------------------------------------------------------------------------------+
; Port    ; Type   ; Severity ; Details                                                                             ;
+---------+--------+----------+-------------------------------------------------------------------------------------+
; cnt_out ; Output ; Info     ; Connected to dangling logic. Logic that only feeds a dangling port will be removed. ;
+---------+--------+----------+-------------------------------------------------------------------------------------+


+-------------------------------------------------------------------------------------------------------------------------------+
; Port Connectivity Checks: "uart_controller:uart_contr"                                                                        ;
+---------------------+--------+----------+-------------------------------------------------------------------------------------+
; Port                ; Type   ; Severity ; Details                                                                             ;
+---------------------+--------+----------+-------------------------------------------------------------------------------------+
; divisor[1..0]       ; Input  ; Info     ; Stuck at VCC                                                                        ;
; divisor[15..12]     ; Input  ; Info     ; Stuck at GND                                                                        ;
; divisor[8..6]       ; Input  ; Info     ; Stuck at GND                                                                        ;
; divisor[11]         ; Input  ; Info     ; Stuck at VCC                                                                        ;
; divisor[10]         ; Input  ; Info     ; Stuck at GND                                                                        ;
; divisor[9]          ; Input  ; Info     ; Stuck at VCC                                                                        ;
; divisor[5]          ; Input  ; Info     ; Stuck at VCC                                                                        ;
; divisor[4]          ; Input  ; Info     ; Stuck at GND                                                                        ;
; divisor[3]          ; Input  ; Info     ; Stuck at VCC                                                                        ;
; divisor[2]          ; Input  ; Info     ; Stuck at GND                                                                        ;
; bits_per_data[1..0] ; Input  ; Info     ; Stuck at VCC                                                                        ;
; bits_per_data[3]    ; Input  ; Info     ; Stuck at VCC                                                                        ;
; bits_per_data[2]    ; Input  ; Info     ; Stuck at GND                                                                        ;
; data_debug          ; Output ; Info     ; Connected to dangling logic. Logic that only feeds a dangling port will be removed. ;
; uart_clock_out      ; Output ; Info     ; Connected to dangling logic. Logic that only feeds a dangling port will be removed. ;
+---------------------+--------+----------+-------------------------------------------------------------------------------------+


+----------------------------------------------------------------------------+
; Port Connectivity Checks: "rfid_processor:rfid_p|countern:cnt_index_check" ;
+---------+-------+----------+-----------------------------------------------+
; Port    ; Type  ; Severity ; Details                                       ;
+---------+-------+----------+-----------------------------------------------+
; end_val ; Input ; Info     ; Stuck at VCC                                  ;
+---------+-------+----------+-----------------------------------------------+


+----------------------------------------------------------------------+
; Port Connectivity Checks: "rfid_processor:rfid_p|countern:cnt_index" ;
+---------+-------+----------+-----------------------------------------+
; Port    ; Type  ; Severity ; Details                                 ;
+---------+-------+----------+-----------------------------------------+
; end_val ; Input ; Info     ; Stuck at VCC                            ;
+---------+-------+----------+-----------------------------------------+


+-----------------------------------------------------+
; Post-Synthesis Netlist Statistics for Top Partition ;
+-----------------------+-----------------------------+
; Type                  ; Count                       ;
+-----------------------+-----------------------------+
; arriav_ff             ; 102                         ;
;     CLR               ; 20                          ;
;     CLR SCLR          ; 16                          ;
;     ENA CLR           ; 17                          ;
;     ENA CLR SCLR      ; 32                          ;
;     SCLR              ; 16                          ;
;     plain             ; 1                           ;
; arriav_lcell_comb     ; 206                         ;
;     arith             ; 64                          ;
;         1 data inputs ; 64                          ;
;     extend            ; 8                           ;
;         7 data inputs ; 8                           ;
;     normal            ; 134                         ;
;         1 data inputs ; 6                           ;
;         2 data inputs ; 12                          ;
;         3 data inputs ; 23                          ;
;         4 data inputs ; 55                          ;
;         5 data inputs ; 17                          ;
;         6 data inputs ; 21                          ;
; boundary_port         ; 16                          ;
;                       ;                             ;
; Max LUT depth         ; 4.00                        ;
; Average LUT depth     ; 2.11                        ;
+-----------------------+-----------------------------+


+-------------------------------+
; Elapsed Time Per Partition    ;
+----------------+--------------+
; Partition Name ; Elapsed Time ;
+----------------+--------------+
; Top            ; 00:00:01     ;
+----------------+--------------+


+-------------------------------+
; Analysis & Synthesis Messages ;
+-------------------------------+
Info: *******************************************************************
Info: Running Quartus Prime Analysis & Synthesis
    Info: Version 15.1.0 Build 185 10/21/2015 SJ Lite Edition
    Info: Processing started: Sat Jul 01 12:54:59 2017
Info: Command: quartus_map --read_settings_files=on --write_settings_files=off rfid_auth -c rfid_auth
Warning (20028): Parallel compilation is not licensed and has been disabled
Info (12021): Found 2 design units, including 1 entities, in source file uart_peripheral.vhd
    Info (12022): Found design unit 1: uart_peripheral-struct File: C:/Users/ed/rfid_auth/src/uart_peripheral.vhd Line: 21
    Info (12023): Found entity 1: uart_peripheral File: C:/Users/ed/rfid_auth/src/uart_peripheral.vhd Line: 6
Info (12021): Found 2 design units, including 1 entities, in source file uart_fsm.vhd
    Info (12022): Found design unit 1: uart_fsm-rtl File: C:/Users/ed/rfid_auth/src/uart_fsm.vhd Line: 22
    Info (12023): Found entity 1: uart_fsm File: C:/Users/ed/rfid_auth/src/uart_fsm.vhd Line: 6
Info (12021): Found 2 design units, including 1 entities, in source file uart_controller.vhd
    Info (12022): Found design unit 1: uart_controller-struct File: C:/Users/ed/rfid_auth/src/uart_controller.vhd Line: 23
    Info (12023): Found entity 1: uart_controller File: C:/Users/ed/rfid_auth/src/uart_controller.vhd Line: 6
Info (12021): Found 2 design units, including 1 entities, in source file uart_clock_gen.vhd
    Info (12022): Found design unit 1: uart_clock_gen-rtl File: C:/Users/ed/rfid_auth/src/uart_clock_gen.vhd Line: 16
    Info (12023): Found entity 1: uart_clock_gen File: C:/Users/ed/rfid_auth/src/uart_clock_gen.vhd Line: 6
Info (12021): Found 2 design units, including 1 entities, in source file tag_mem.vhd
    Info (12022): Found design unit 1: tag_mem-tag_mem_arch File: C:/Users/ed/rfid_auth/src/tag_mem.vhd Line: 13
    Info (12023): Found entity 1: tag_mem File: C:/Users/ed/rfid_auth/src/tag_mem.vhd Line: 4
Info (12021): Found 2 design units, including 1 entities, in source file shift_reg12.vhd
    Info (12022): Found design unit 1: shift_reg12-rtl File: C:/Users/ed/rfid_auth/src/shift_reg12.vhd Line: 18
    Info (12023): Found entity 1: shift_reg12 File: C:/Users/ed/rfid_auth/src/shift_reg12.vhd Line: 7
Info (12021): Found 2 design units, including 1 entities, in source file rfid_processor.vhd
    Info (12022): Found design unit 1: rfid_processor-arch File: C:/Users/ed/rfid_auth/src/rfid_processor.vhd Line: 29
    Info (12023): Found entity 1: rfid_processor File: C:/Users/ed/rfid_auth/src/rfid_processor.vhd Line: 9
Info (12021): Found 0 design units, including 0 entities, in source file rfid_auth_altera.vhd
Info (12021): Found 2 design units, including 1 entities, in source file rfid_auth.vhd
    Info (12022): Found design unit 1: rfid_auth-struct File: C:/Users/ed/rfid_auth/src/rfid_auth.vhd Line: 23
    Info (12023): Found entity 1: rfid_auth File: C:/Users/ed/rfid_auth/src/rfid_auth.vhd Line: 7
Info (12021): Found 3 design units, including 1 entities, in source file registerfile.vhd
    Info (12022): Found design unit 1: register_file-A File: C:/Users/ed/rfid_auth/src/registerfile.vhd Line: 29
    Info (12022): Found design unit 2: CFG_RF_BEH File: C:/Users/ed/rfid_auth/src/registerfile.vhd Line: 67
    Info (12023): Found entity 1: register_file File: C:/Users/ed/rfid_auth/src/registerfile.vhd Line: 8
Info (12021): Found 2 design units, including 1 entities, in source file pwm.vhd
    Info (12022): Found design unit 1: pwm-pwm_arch File: C:/Users/ed/rfid_auth/src/pwm.vhd Line: 20
    Info (12023): Found entity 1: pwm File: C:/Users/ed/rfid_auth/src/pwm.vhd Line: 5
Info (12021): Found 2 design units, including 1 entities, in source file countern.vhd
    Info (12022): Found design unit 1: countern-rtl File: C:/Users/ed/rfid_auth/src/countern.vhd Line: 20
    Info (12023): Found entity 1: countern File: C:/Users/ed/rfid_auth/src/countern.vhd Line: 6
Info (12021): Found 2 design units, including 1 entities, in source file counter4.vhd
    Info (12022): Found design unit 1: counter4-rtl File: C:/Users/ed/rfid_auth/src/counter4.vhd Line: 16
    Info (12023): Found entity 1: counter4 File: C:/Users/ed/rfid_auth/src/counter4.vhd Line: 6
Info (12021): Found 2 design units, including 1 entities, in source file counter16.vhd
    Info (12022): Found design unit 1: counter16-rtl File: C:/Users/ed/rfid_auth/src/counter16.vhd Line: 16
    Info (12023): Found entity 1: counter16 File: C:/Users/ed/rfid_auth/src/counter16.vhd Line: 6
Info (12021): Found 2 design units, including 1 entities, in source file comparator.vhd
    Info (12022): Found design unit 1: comparator-bhv File: C:/Users/ed/rfid_auth/src/comparator.vhd Line: 11
    Info (12023): Found entity 1: comparator File: C:/Users/ed/rfid_auth/src/comparator.vhd Line: 5
Info (12127): Elaborating entity "rfid_auth" for the top level hierarchy
Warning (10036): Verilog HDL or VHDL warning at rfid_auth.vhd(89): object "data_debug" assigned a value but never read File: C:/Users/ed/rfid_auth/src/rfid_auth.vhd Line: 89
Warning (10036): Verilog HDL or VHDL warning at rfid_auth.vhd(91): object "uart_clock" assigned a value but never read File: C:/Users/ed/rfid_auth/src/rfid_auth.vhd Line: 91
Info (12128): Elaborating entity "rfid_processor" for hierarchy "rfid_processor:rfid_p" File: C:/Users/ed/rfid_auth/src/rfid_auth.vhd Line: 108
Warning (10036): Verilog HDL or VHDL warning at rfid_processor.vhd(64): object "index_cnt_enable" assigned a value but never read File: C:/Users/ed/rfid_auth/src/rfid_processor.vhd Line: 64
Warning (10036): Verilog HDL or VHDL warning at rfid_processor.vhd(69): object "index_check_cnt_enable" assigned a value but never read File: C:/Users/ed/rfid_auth/src/rfid_processor.vhd Line: 69
Warning (10036): Verilog HDL or VHDL warning at rfid_processor.vhd(77): object "all_16" assigned a value but never read File: C:/Users/ed/rfid_auth/src/rfid_processor.vhd Line: 77
Warning (10036): Verilog HDL or VHDL warning at rfid_processor.vhd(81): object "tc_char_in_edge_reset" assigned a value but never read File: C:/Users/ed/rfid_auth/src/rfid_processor.vhd Line: 81
Warning (10492): VHDL Process Statement warning at rfid_processor.vhd(267): signal "index" is read inside the Process Statement but isn't in the Process Statement's sensitivity list File: C:/Users/ed/rfid_auth/src/rfid_processor.vhd Line: 267
Warning (10492): VHDL Process Statement warning at rfid_processor.vhd(348): signal "check_ok" is read inside the Process Statement but isn't in the Process Statement's sensitivity list File: C:/Users/ed/rfid_auth/src/rfid_processor.vhd Line: 348
Warning (10492): VHDL Process Statement warning at rfid_processor.vhd(375): signal "index_check" is read inside the Process Statement but isn't in the Process Statement's sensitivity list File: C:/Users/ed/rfid_auth/src/rfid_processor.vhd Line: 375
Warning (10492): VHDL Process Statement warning at rfid_processor.vhd(403): signal "index_check" is read inside the Process Statement but isn't in the Process Statement's sensitivity list File: C:/Users/ed/rfid_auth/src/rfid_processor.vhd Line: 403
Warning (10631): VHDL Process Statement warning at rfid_processor.vhd(469): inferring latch(es) for signal or variable "check_ended", which holds its previous value in one or more paths through the process File: C:/Users/ed/rfid_auth/src/rfid_processor.vhd Line: 469
Warning (10631): VHDL Process Statement warning at rfid_processor.vhd(469): inferring latch(es) for signal or variable "next_state_check", which holds its previous value in one or more paths through the process File: C:/Users/ed/rfid_auth/src/rfid_processor.vhd Line: 469
Warning (10631): VHDL Process Statement warning at rfid_processor.vhd(469): inferring latch(es) for signal or variable "index_check_reset", which holds its previous value in one or more paths through the process File: C:/Users/ed/rfid_auth/src/rfid_processor.vhd Line: 469
Warning (10631): VHDL Process Statement warning at rfid_processor.vhd(469): inferring latch(es) for signal or variable "RD1", which holds its previous value in one or more paths through the process File: C:/Users/ed/rfid_auth/src/rfid_processor.vhd Line: 469
Info (10041): Inferred latch for "RD1" at rfid_processor.vhd(469) File: C:/Users/ed/rfid_auth/src/rfid_processor.vhd Line: 469
Info (10041): Inferred latch for "index_check_reset" at rfid_processor.vhd(469) File: C:/Users/ed/rfid_auth/src/rfid_processor.vhd Line: 469
Info (10041): Inferred latch for "next_state_check.LED_DEBUG" at rfid_processor.vhd(469) File: C:/Users/ed/rfid_auth/src/rfid_processor.vhd Line: 469
Info (10041): Inferred latch for "next_state_check.DONE_CHECK_DENY" at rfid_processor.vhd(469) File: C:/Users/ed/rfid_auth/src/rfid_processor.vhd Line: 469
Info (10041): Inferred latch for "next_state_check.DONE_CHECK_GRANT" at rfid_processor.vhd(469) File: C:/Users/ed/rfid_auth/src/rfid_processor.vhd Line: 469
Info (10041): Inferred latch for "next_state_check.DONE_STORE_FOUR" at rfid_processor.vhd(469) File: C:/Users/ed/rfid_auth/src/rfid_processor.vhd Line: 469
Info (10041): Inferred latch for "next_state_check.DONE_CHECK_ONE" at rfid_processor.vhd(469) File: C:/Users/ed/rfid_auth/src/rfid_processor.vhd Line: 469
Info (10041): Inferred latch for "next_state_check.CHECK_ONE" at rfid_processor.vhd(469) File: C:/Users/ed/rfid_auth/src/rfid_processor.vhd Line: 469
Info (10041): Inferred latch for "next_state_check.ACCESS_DENIED" at rfid_processor.vhd(469) File: C:/Users/ed/rfid_auth/src/rfid_processor.vhd Line: 469
Info (10041): Inferred latch for "next_state_check.ACCESS_GRANTED" at rfid_processor.vhd(469) File: C:/Users/ed/rfid_auth/src/rfid_processor.vhd Line: 469
Info (10041): Inferred latch for "next_state_check.CHECK_TAG" at rfid_processor.vhd(469) File: C:/Users/ed/rfid_auth/src/rfid_processor.vhd Line: 469
Info (10041): Inferred latch for "next_state_check.DONE_STORE_ONE" at rfid_processor.vhd(469) File: C:/Users/ed/rfid_auth/src/rfid_processor.vhd Line: 469
Info (10041): Inferred latch for "next_state_check.STORE" at rfid_processor.vhd(469) File: C:/Users/ed/rfid_auth/src/rfid_processor.vhd Line: 469
Info (10041): Inferred latch for "next_state_check.IDLE" at rfid_processor.vhd(469) File: C:/Users/ed/rfid_auth/src/rfid_processor.vhd Line: 469
Info (10041): Inferred latch for "next_state_check.RESETTING" at rfid_processor.vhd(469) File: C:/Users/ed/rfid_auth/src/rfid_processor.vhd Line: 469
Info (10041): Inferred latch for "check_ended" at rfid_processor.vhd(469) File: C:/Users/ed/rfid_auth/src/rfid_processor.vhd Line: 469
Info (12128): Elaborating entity "register_file" for hierarchy "rfid_processor:rfid_p|register_file:rf" File: C:/Users/ed/rfid_auth/src/rfid_processor.vhd Line: 122
Warning (10492): VHDL Process Statement warning at registerfile.vhd(49): signal "REGISTERS" is read inside the Process Statement but isn't in the Process Statement's sensitivity list File: C:/Users/ed/rfid_auth/src/registerfile.vhd Line: 49
Warning (10492): VHDL Process Statement warning at registerfile.vhd(54): signal "REGISTERS" is read inside the Process Statement but isn't in the Process Statement's sensitivity list File: C:/Users/ed/rfid_auth/src/registerfile.vhd Line: 54
Warning (10631): VHDL Process Statement warning at registerfile.vhd(40): inferring latch(es) for signal or variable "REGISTERS", which holds its previous value in one or more paths through the process File: C:/Users/ed/rfid_auth/src/registerfile.vhd Line: 40
Warning (10631): VHDL Process Statement warning at registerfile.vhd(40): inferring latch(es) for signal or variable "OUT1", which holds its previous value in one or more paths through the process File: C:/Users/ed/rfid_auth/src/registerfile.vhd Line: 40
Info (10041): Inferred latch for "OUT1[0]" at registerfile.vhd(40) File: C:/Users/ed/rfid_auth/src/registerfile.vhd Line: 40
Info (10041): Inferred latch for "OUT1[1]" at registerfile.vhd(40) File: C:/Users/ed/rfid_auth/src/registerfile.vhd Line: 40
Info (10041): Inferred latch for "OUT1[2]" at registerfile.vhd(40) File: C:/Users/ed/rfid_auth/src/registerfile.vhd Line: 40
Info (10041): Inferred latch for "OUT1[3]" at registerfile.vhd(40) File: C:/Users/ed/rfid_auth/src/registerfile.vhd Line: 40
Info (10041): Inferred latch for "OUT1[4]" at registerfile.vhd(40) File: C:/Users/ed/rfid_auth/src/registerfile.vhd Line: 40
Info (10041): Inferred latch for "OUT1[5]" at registerfile.vhd(40) File: C:/Users/ed/rfid_auth/src/registerfile.vhd Line: 40
Info (10041): Inferred latch for "OUT1[6]" at registerfile.vhd(40) File: C:/Users/ed/rfid_auth/src/registerfile.vhd Line: 40
Info (10041): Inferred latch for "OUT1[7]" at registerfile.vhd(40) File: C:/Users/ed/rfid_auth/src/registerfile.vhd Line: 40
Info (10041): Inferred latch for "REGISTERS[3][0]" at registerfile.vhd(40) File: C:/Users/ed/rfid_auth/src/registerfile.vhd Line: 40
Info (10041): Inferred latch for "REGISTERS[3][1]" at registerfile.vhd(40) File: C:/Users/ed/rfid_auth/src/registerfile.vhd Line: 40
Info (10041): Inferred latch for "REGISTERS[3][2]" at registerfile.vhd(40) File: C:/Users/ed/rfid_auth/src/registerfile.vhd Line: 40
Info (10041): Inferred latch for "REGISTERS[3][3]" at registerfile.vhd(40) File: C:/Users/ed/rfid_auth/src/registerfile.vhd Line: 40
Info (10041): Inferred latch for "REGISTERS[3][4]" at registerfile.vhd(40) File: C:/Users/ed/rfid_auth/src/registerfile.vhd Line: 40
Info (10041): Inferred latch for "REGISTERS[3][5]" at registerfile.vhd(40) File: C:/Users/ed/rfid_auth/src/registerfile.vhd Line: 40
Info (10041): Inferred latch for "REGISTERS[3][6]" at registerfile.vhd(40) File: C:/Users/ed/rfid_auth/src/registerfile.vhd Line: 40
Info (10041): Inferred latch for "REGISTERS[3][7]" at registerfile.vhd(40) File: C:/Users/ed/rfid_auth/src/registerfile.vhd Line: 40
Info (10041): Inferred latch for "REGISTERS[2][0]" at registerfile.vhd(40) File: C:/Users/ed/rfid_auth/src/registerfile.vhd Line: 40
Info (10041): Inferred latch for "REGISTERS[2][1]" at registerfile.vhd(40) File: C:/Users/ed/rfid_auth/src/registerfile.vhd Line: 40
Info (10041): Inferred latch for "REGISTERS[2][2]" at registerfile.vhd(40) File: C:/Users/ed/rfid_auth/src/registerfile.vhd Line: 40
Info (10041): Inferred latch for "REGISTERS[2][3]" at registerfile.vhd(40) File: C:/Users/ed/rfid_auth/src/registerfile.vhd Line: 40
Info (10041): Inferred latch for "REGISTERS[2][4]" at registerfile.vhd(40) File: C:/Users/ed/rfid_auth/src/registerfile.vhd Line: 40
Info (10041): Inferred latch for "REGISTERS[2][5]" at registerfile.vhd(40) File: C:/Users/ed/rfid_auth/src/registerfile.vhd Line: 40
Info (10041): Inferred latch for "REGISTERS[2][6]" at registerfile.vhd(40) File: C:/Users/ed/rfid_auth/src/registerfile.vhd Line: 40
Info (10041): Inferred latch for "REGISTERS[2][7]" at registerfile.vhd(40) File: C:/Users/ed/rfid_auth/src/registerfile.vhd Line: 40
Info (10041): Inferred latch for "REGISTERS[1][0]" at registerfile.vhd(40) File: C:/Users/ed/rfid_auth/src/registerfile.vhd Line: 40
Info (10041): Inferred latch for "REGISTERS[1][1]" at registerfile.vhd(40) File: C:/Users/ed/rfid_auth/src/registerfile.vhd Line: 40
Info (10041): Inferred latch for "REGISTERS[1][2]" at registerfile.vhd(40) File: C:/Users/ed/rfid_auth/src/registerfile.vhd Line: 40
Info (10041): Inferred latch for "REGISTERS[1][3]" at registerfile.vhd(40) File: C:/Users/ed/rfid_auth/src/registerfile.vhd Line: 40
Info (10041): Inferred latch for "REGISTERS[1][4]" at registerfile.vhd(40) File: C:/Users/ed/rfid_auth/src/registerfile.vhd Line: 40
Info (10041): Inferred latch for "REGISTERS[1][5]" at registerfile.vhd(40) File: C:/Users/ed/rfid_auth/src/registerfile.vhd Line: 40
Info (10041): Inferred latch for "REGISTERS[1][6]" at registerfile.vhd(40) File: C:/Users/ed/rfid_auth/src/registerfile.vhd Line: 40
Info (10041): Inferred latch for "REGISTERS[1][7]" at registerfile.vhd(40) File: C:/Users/ed/rfid_auth/src/registerfile.vhd Line: 40
Info (10041): Inferred latch for "REGISTERS[0][0]" at registerfile.vhd(40) File: C:/Users/ed/rfid_auth/src/registerfile.vhd Line: 40
Info (10041): Inferred latch for "REGISTERS[0][1]" at registerfile.vhd(40) File: C:/Users/ed/rfid_auth/src/registerfile.vhd Line: 40
Info (10041): Inferred latch for "REGISTERS[0][2]" at registerfile.vhd(40) File: C:/Users/ed/rfid_auth/src/registerfile.vhd Line: 40
Info (10041): Inferred latch for "REGISTERS[0][3]" at registerfile.vhd(40) File: C:/Users/ed/rfid_auth/src/registerfile.vhd Line: 40
Info (10041): Inferred latch for "REGISTERS[0][4]" at registerfile.vhd(40) File: C:/Users/ed/rfid_auth/src/registerfile.vhd Line: 40
Info (10041): Inferred latch for "REGISTERS[0][5]" at registerfile.vhd(40) File: C:/Users/ed/rfid_auth/src/registerfile.vhd Line: 40
Info (10041): Inferred latch for "REGISTERS[0][6]" at registerfile.vhd(40) File: C:/Users/ed/rfid_auth/src/registerfile.vhd Line: 40
Info (10041): Inferred latch for "REGISTERS[0][7]" at registerfile.vhd(40) File: C:/Users/ed/rfid_auth/src/registerfile.vhd Line: 40
Info (12128): Elaborating entity "countern" for hierarchy "rfid_processor:rfid_p|countern:cnt_index" File: C:/Users/ed/rfid_auth/src/rfid_processor.vhd Line: 139
Info (12128): Elaborating entity "uart_controller" for hierarchy "uart_controller:uart_contr" File: C:/Users/ed/rfid_auth/src/rfid_auth.vhd Line: 127
Info (12128): Elaborating entity "uart_peripheral" for hierarchy "uart_controller:uart_contr|uart_peripheral:periph" File: C:/Users/ed/rfid_auth/src/uart_controller.vhd Line: 47
Warning (10036): Verilog HDL or VHDL warning at uart_peripheral.vhd(74): object "c4_out" assigned a value but never read File: C:/Users/ed/rfid_auth/src/uart_peripheral.vhd Line: 74
Info (12128): Elaborating entity "uart_clock_gen" for hierarchy "uart_controller:uart_contr|uart_peripheral:periph|uart_clock_gen:ucg" File: C:/Users/ed/rfid_auth/src/uart_peripheral.vhd Line: 78
Info (12128): Elaborating entity "counter16" for hierarchy "uart_controller:uart_contr|uart_peripheral:periph|uart_clock_gen:ucg|counter16:c16" File: C:/Users/ed/rfid_auth/src/uart_clock_gen.vhd Line: 32
Info (12128): Elaborating entity "countern" for hierarchy "uart_controller:uart_contr|uart_peripheral:periph|countern:c4" File: C:/Users/ed/rfid_auth/src/uart_peripheral.vhd Line: 88
Info (12128): Elaborating entity "shift_reg12" for hierarchy "uart_controller:uart_contr|uart_peripheral:periph|shift_reg12:s12" File: C:/Users/ed/rfid_auth/src/uart_peripheral.vhd Line: 100
Info (12128): Elaborating entity "uart_fsm" for hierarchy "uart_controller:uart_contr|uart_peripheral:periph|uart_fsm:fsm" File: C:/Users/ed/rfid_auth/src/uart_peripheral.vhd Line: 111
Info (12128): Elaborating entity "tag_mem" for hierarchy "tag_mem:memory_tag" File: C:/Users/ed/rfid_auth/src/rfid_auth.vhd Line: 142
Warning (10631): VHDL Process Statement warning at tag_mem.vhd(31): inferring latch(es) for signal or variable "tag_mem_out", which holds its previous value in one or more paths through the process File: C:/Users/ed/rfid_auth/src/tag_mem.vhd Line: 31
Info (10041): Inferred latch for "tag_mem_out[0]" at tag_mem.vhd(31) File: C:/Users/ed/rfid_auth/src/tag_mem.vhd Line: 31
Info (10041): Inferred latch for "tag_mem_out[1]" at tag_mem.vhd(31) File: C:/Users/ed/rfid_auth/src/tag_mem.vhd Line: 31
Info (10041): Inferred latch for "tag_mem_out[2]" at tag_mem.vhd(31) File: C:/Users/ed/rfid_auth/src/tag_mem.vhd Line: 31
Info (10041): Inferred latch for "tag_mem_out[3]" at tag_mem.vhd(31) File: C:/Users/ed/rfid_auth/src/tag_mem.vhd Line: 31
Info (10041): Inferred latch for "tag_mem_out[4]" at tag_mem.vhd(31) File: C:/Users/ed/rfid_auth/src/tag_mem.vhd Line: 31
Info (10041): Inferred latch for "tag_mem_out[5]" at tag_mem.vhd(31) File: C:/Users/ed/rfid_auth/src/tag_mem.vhd Line: 31
Info (10041): Inferred latch for "tag_mem_out[6]" at tag_mem.vhd(31) File: C:/Users/ed/rfid_auth/src/tag_mem.vhd Line: 31
Info (10041): Inferred latch for "tag_mem_out[7]" at tag_mem.vhd(31) File: C:/Users/ed/rfid_auth/src/tag_mem.vhd Line: 31
Info (12128): Elaborating entity "pwm" for hierarchy "pwm:my_pwm" File: C:/Users/ed/rfid_auth/src/rfid_auth.vhd Line: 150
Warning (10036): Verilog HDL or VHDL warning at pwm.vhd(49): object "tc" assigned a value but never read File: C:/Users/ed/rfid_auth/src/pwm.vhd Line: 49
Warning (10036): Verilog HDL or VHDL warning at pwm.vhd(52): object "tc_dc" assigned a value but never read File: C:/Users/ed/rfid_auth/src/pwm.vhd Line: 52
Info (12128): Elaborating entity "countern" for hierarchy "pwm:my_pwm|countern:count" File: C:/Users/ed/rfid_auth/src/pwm.vhd Line: 68
Info (13025): Duplicate LATCH primitives merged into single LATCH primitive
    Info (13026): Duplicate LATCH primitive "tag_mem:memory_tag|tag_mem_out[2]" merged with LATCH primitive "tag_mem:memory_tag|tag_mem_out[0]" File: C:/Users/ed/rfid_auth/src/tag_mem.vhd Line: 31
    Info (13026): Duplicate LATCH primitive "tag_mem:memory_tag|tag_mem_out[3]" merged with LATCH primitive "tag_mem:memory_tag|tag_mem_out[1]" File: C:/Users/ed/rfid_auth/src/tag_mem.vhd Line: 31
Info (286030): Timing-Driven Synthesis is running
Info (17049): 13 registers lost all their fanouts during netlist optimizations.
Info (16010): Generating hard_block partition "hard_block:auto_generated_inst"
    Info (16011): Adding 0 node(s), including 0 DDIO, 0 PLL, 0 transceiver and 0 LCELL
Info (21057): Implemented 240 device resources after synthesis - the final resource count might be different
    Info (21058): Implemented 4 input pins
    Info (21059): Implemented 12 output pins
    Info (21061): Implemented 224 logic cells
Info: Quartus Prime Analysis & Synthesis was successful. 0 errors, 23 warnings
    Info: Peak virtual memory: 903 megabytes
    Info: Processing ended: Sat Jul 01 12:55:29 2017
    Info: Elapsed time: 00:00:30
    Info: Total CPU time (on all processors): 00:00:44


